Archive member included to satisfy reference by file (symbol)

C:/Users/Admin/Desktop/l4/lib\liblibmplmpu.a(fast_no_motion.o)
                              CMakeFiles/l4.elf.dir/Middlewares/Third_Party/RealThread_RTOS/drv/MPL/driver/eMPL/inv_icm20608.c.obj (inv_enable_fast_nomot)
C:/Users/Admin/Desktop/l4/lib\liblibmplmpu.a(fusion_9axis.o)
                              CMakeFiles/l4.elf.dir/Middlewares/Third_Party/RealThread_RTOS/drv/MPL/driver/eMPL/inv_icm20608.c.obj (inv_enable_9x_sensor_fusion)
C:/Users/Admin/Desktop/l4/lib\liblibmplmpu.a(gyro_tc.o)
                              CMakeFiles/l4.elf.dir/Middlewares/Third_Party/RealThread_RTOS/drv/MPL/driver/eMPL/inv_icm20608.c.obj (inv_enable_gyro_tc)
C:/Users/Admin/Desktop/l4/lib\liblibmplmpu.a(mag_disturb.o)
                              C:/Users/Admin/Desktop/l4/lib\liblibmplmpu.a(fusion_9axis.o) (inv_get_magnetic_disturbance_state)
C:/Users/Admin/Desktop/l4/lib\liblibmplmpu.a(quaternion_supervisor.o)
                              CMakeFiles/l4.elf.dir/Middlewares/Third_Party/RealThread_RTOS/drv/MPL/driver/eMPL/inv_icm20608.c.obj (inv_enable_quaternion)
e:/soft/gcc-arm-none-eabi-10.3-2021.10/bin/../lib/gcc/arm-none-eabi/10.3.1/thumb/v7e-m/nofp\libgcc.a(_arm_muldf3.o)
                              CMakeFiles/l4.elf.dir/Middlewares/Third_Party/RealThread_RTOS/drv/MPL/mllite/ml_math_func.c.obj (__aeabi_dmul)
e:/soft/gcc-arm-none-eabi-10.3-2021.10/bin/../lib/gcc/arm-none-eabi/10.3.1/thumb/v7e-m/nofp\libgcc.a(_arm_mulsf3.o)
                              CMakeFiles/l4.elf.dir/Middlewares/Third_Party/RealThread_RTOS/drv/MPL/driver/eMPL/inv_icm20608.c.obj (__aeabi_fmul)
e:/soft/gcc-arm-none-eabi-10.3-2021.10/bin/../lib/gcc/arm-none-eabi/10.3.1/thumb/v7e-m/nofp\libgcc.a(_arm_addsubdf3.o)
                              CMakeFiles/l4.elf.dir/Middlewares/Third_Party/RealThread_RTOS/drv/MPL/mllite/ml_math_func.c.obj (__aeabi_dsub)
e:/soft/gcc-arm-none-eabi-10.3-2021.10/bin/../lib/gcc/arm-none-eabi/10.3.1/thumb/v7e-m/nofp\libgcc.a(_arm_muldivdf3.o)
                              CMakeFiles/l4.elf.dir/Middlewares/Third_Party/RealThread_RTOS/drv/MPL/mllite/ml_math_func.c.obj (__aeabi_ddiv)
e:/soft/gcc-arm-none-eabi-10.3-2021.10/bin/../lib/gcc/arm-none-eabi/10.3.1/thumb/v7e-m/nofp\libgcc.a(_arm_cmpdf2.o)
                              CMakeFiles/l4.elf.dir/Middlewares/Third_Party/RealThread_RTOS/drv/MPL/mllite/ml_math_func.c.obj (__aeabi_dcmplt)
e:/soft/gcc-arm-none-eabi-10.3-2021.10/bin/../lib/gcc/arm-none-eabi/10.3.1/thumb/v7e-m/nofp\libgcc.a(_arm_fixdfsi.o)
                              CMakeFiles/l4.elf.dir/Middlewares/Third_Party/RealThread_RTOS/drv/MPL/mllite/ml_math_func.c.obj (__aeabi_d2iz)
e:/soft/gcc-arm-none-eabi-10.3-2021.10/bin/../lib/gcc/arm-none-eabi/10.3.1/thumb/v7e-m/nofp\libgcc.a(_arm_truncdfsf2.o)
                              CMakeFiles/l4.elf.dir/Middlewares/Third_Party/RealThread_RTOS/drv/icm20608.c.obj (__aeabi_d2f)
e:/soft/gcc-arm-none-eabi-10.3-2021.10/bin/../lib/gcc/arm-none-eabi/10.3.1/thumb/v7e-m/nofp\libgcc.a(_arm_addsubsf3.o)
                              CMakeFiles/l4.elf.dir/Middlewares/Third_Party/RealThread_RTOS/drv/MPL/driver/eMPL/inv_icm20608.c.obj (__aeabi_fsub)
e:/soft/gcc-arm-none-eabi-10.3-2021.10/bin/../lib/gcc/arm-none-eabi/10.3.1/thumb/v7e-m/nofp\libgcc.a(_arm_muldivsf3.o)
                              CMakeFiles/l4.elf.dir/Middlewares/Third_Party/RealThread_RTOS/drv/MPL/driver/eMPL/inv_icm20608.c.obj (__aeabi_fdiv)
e:/soft/gcc-arm-none-eabi-10.3-2021.10/bin/../lib/gcc/arm-none-eabi/10.3.1/thumb/v7e-m/nofp\libgcc.a(_arm_cmpsf2.o)
                              CMakeFiles/l4.elf.dir/Middlewares/Third_Party/RealThread_RTOS/drv/MPL/mllite/ml_math_func.c.obj (__aeabi_fcmpeq)
e:/soft/gcc-arm-none-eabi-10.3-2021.10/bin/../lib/gcc/arm-none-eabi/10.3.1/thumb/v7e-m/nofp\libgcc.a(_arm_fixsfsi.o)
                              CMakeFiles/l4.elf.dir/Middlewares/Third_Party/RealThread_RTOS/drv/MPL/driver/eMPL/inv_icm20608.c.obj (__aeabi_f2iz)
e:/soft/gcc-arm-none-eabi-10.3-2021.10/bin/../lib/gcc/arm-none-eabi/10.3.1/thumb/v7e-m/nofp\libgcc.a(_arm_fixunssfsi.o)
                              CMakeFiles/l4.elf.dir/Middlewares/Third_Party/RealThread_RTOS/drv/MPL/mllite/ml_math_func.c.obj (__aeabi_f2uiz)
e:/soft/gcc-arm-none-eabi-10.3-2021.10/bin/../lib/gcc/arm-none-eabi/10.3.1/thumb/v7e-m/nofp\libgcc.a(_aeabi_ldivmod.o)
                              CMakeFiles/l4.elf.dir/Middlewares/Third_Party/RealThread_RTOS/drv/MPL/driver/eMPL/inv_icm20608.c.obj (__aeabi_ldivmod)
e:/soft/gcc-arm-none-eabi-10.3-2021.10/bin/../lib/gcc/arm-none-eabi/10.3.1/thumb/v7e-m/nofp\libgcc.a(_aeabi_uldivmod.o)
                              CMakeFiles/l4.elf.dir/Drivers/STM32L4xx_HAL_Driver/Src/stm32l4xx_hal_uart.c.obj (__aeabi_uldivmod)
e:/soft/gcc-arm-none-eabi-10.3-2021.10/bin/../lib/gcc/arm-none-eabi/10.3.1/thumb/v7e-m/nofp\libgcc.a(_fixsfdi.o)
                              C:/Users/Admin/Desktop/l4/lib\liblibmplmpu.a(fast_no_motion.o) (__aeabi_f2lz)
[...]
Memory Configuration

Name             Origin             Length             Attributes
RAM              0x20000000         0x00018000         xrw
RAM2             0x10000000         0x00008000         xrw
FLASH            0x08000000         0x00080000         xr
*default*        0x00000000         0xffffffff

Linker script and memory map

LOAD e:/soft/gcc-arm-none-eabi-10.3-2021.10/bin/../lib/gcc/arm-none-eabi/10.3.1/thumb/v7e-m/nofp/crti.o
LOAD e:/soft/gcc-arm-none-eabi-10.3-2021.10/bin/../lib/gcc/arm-none-eabi/10.3.1/thumb/v7e-m/nofp/crtbegin.o
LOAD e:/soft/gcc-arm-none-eabi-10.3-2021.10/bin/../lib/gcc/arm-none-eabi/10.3.1/../../../../arm-none-eabi/lib/thumb/v7e-m/nofp/crt0.o
LOAD CMakeFiles/l4.elf.dir/Core/Src/main.c.obj
LOAD CMakeFiles/l4.elf.dir/Core/Src/stm32l4xx_hal_msp.c.obj
LOAD CMakeFiles/l4.elf.dir/Core/Src/stm32l4xx_it.c.obj
LOAD CMakeFiles/l4.elf.dir/Core/Src/syscalls.c.obj
LOAD CMakeFiles/l4.elf.dir/Core/Src/sysmem.c.obj
LOAD CMakeFiles/l4.elf.dir/Core/Src/system_stm32l4xx.c.obj
LOAD CMakeFiles/l4.elf.dir/Core/Startup/startup_stm32l475vetx.s.obj
LOAD CMakeFiles/l4.elf.dir/Drivers/STM32L4xx_HAL_Driver/Src/stm32l4xx_hal.c.obj
LOAD CMakeFiles/l4.elf.dir/Drivers/STM32L4xx_HAL_Driver/Src/stm32l4xx_hal_cortex.c.obj
LOAD CMakeFiles/l4.elf.dir/Drivers/STM32L4xx_HAL_Driver/Src/stm32l4xx_hal_dma.c.obj
LOAD CMakeFiles/l4.elf.dir/Drivers/STM32L4xx_HAL_Driver/Src/stm32l4xx_hal_dma_ex.c.obj
LOAD CMakeFiles/l4.elf.dir/Drivers/STM32L4xx_HAL_Driver/Src/stm32l4xx_hal_exti.c.obj
LOAD CMakeFiles/l4.elf.dir/Drivers/STM32L4xx_HAL_Driver/Src/stm32l4xx_hal_flash.c.obj
LOAD CMakeFiles/l4.elf.dir/Drivers/STM32L4xx_HAL_Driver/Src/stm32l4xx_hal_flash_ex.c.obj
LOAD CMakeFiles/l4.elf.dir/Drivers/STM32L4xx_HAL_Driver/Src/stm32l4xx_hal_flash_ramfunc.c.obj
LOAD CMakeFiles/l4.elf.dir/Drivers/STM32L4xx_HAL_Driver/Src/stm32l4xx_hal_gpio.c.obj
LOAD CMakeFiles/l4.elf.dir/Drivers/STM32L4xx_HAL_Driver/Src/stm32l4xx_hal_i2c.c.obj
LOAD CMakeFiles/l4.elf.dir/Drivers/STM32L4xx_HAL_Driver/Src/stm32l4xx_hal_i2c_ex.c.obj
LOAD CMakeFiles/l4.elf.dir/Drivers/STM32L4xx_HAL_Driver/Src/stm32l4xx_hal_pwr.c.obj
LOAD CMakeFiles/l4.elf.dir/Drivers/STM32L4xx_HAL_Driver/Src/stm32l4xx_hal_pwr_ex.c.obj
LOAD CMakeFiles/l4.elf.dir/Drivers/STM32L4xx_HAL_Driver/Src/stm32l4xx_hal_rcc.c.obj
LOAD CMakeFiles/l4.elf.dir/Drivers/STM32L4xx_HAL_Driver/Src/stm32l4xx_hal_rcc_ex.c.obj
LOAD CMakeFiles/l4.elf.dir/Drivers/STM32L4xx_HAL_Driver/Src/stm32l4xx_hal_spi.c.obj
LOAD CMakeFiles/l4.elf.dir/Drivers/STM32L4xx_HAL_Driver/Src/stm32l4xx_hal_spi_ex.c.obj
LOAD CMakeFiles/l4.elf.dir/Drivers/STM32L4xx_HAL_Driver/Src/stm32l4xx_hal_tim.c.obj
LOAD CMakeFiles/l4.elf.dir/Drivers/STM32L4xx_HAL_Driver/Src/stm32l4xx_hal_tim_ex.c.obj
LOAD CMakeFiles/l4.elf.dir/Drivers/STM32L4xx_HAL_Driver/Src/stm32l4xx_hal_uart.c.obj
LOAD CMakeFiles/l4.elf.dir/Drivers/STM32L4xx_HAL_Driver/Src/stm32l4xx_hal_uart_ex.c.obj
LOAD CMakeFiles/l4.elf.dir/Middlewares/Third_Party/RealThread_RTOS/components/device/device.c.obj
LOAD CMakeFiles/l4.elf.dir/Middlewares/Third_Party/RealThread_RTOS/components/finsh/cmd.c.obj
LOAD CMakeFiles/l4.elf.dir/Middlewares/Third_Party/RealThread_RTOS/components/finsh/finsh_port.c.obj
LOAD CMakeFiles/l4.elf.dir/Middlewares/Third_Party/RealThread_RTOS/components/finsh/msh.c.obj
LOAD CMakeFiles/l4.elf.dir/Middlewares/Third_Party/RealThread_RTOS/components/finsh/shell.c.obj
LOAD CMakeFiles/l4.elf.dir/Middlewares/Third_Party/RealThread_RTOS/drv/MPL/driver/eMPL/inv_icm20608.c.obj
LOAD CMakeFiles/l4.elf.dir/Middlewares/Third_Party/RealThread_RTOS/drv/MPL/driver/stm32L/log_stm32.c.obj
LOAD CMakeFiles/l4.elf.dir/Middlewares/Third_Party/RealThread_RTOS/drv/MPL/eMPL-hal/eMPL_outputs.c.obj
LOAD CMakeFiles/l4.elf.dir/Middlewares/Third_Party/RealThread_RTOS/drv/MPL/mllite/data_builder.c.obj
LOAD CMakeFiles/l4.elf.dir/Middlewares/Third_Party/RealThread_RTOS/drv/MPL/mllite/hal_outputs.c.obj
LOAD CMakeFiles/l4.elf.dir/Middlewares/Third_Party/RealThread_RTOS/drv/MPL/mllite/message_layer.c.obj
LOAD CMakeFiles/l4.elf.dir/Middlewares/Third_Party/RealThread_RTOS/drv/MPL/mllite/ml_math_func.c.obj
LOAD CMakeFiles/l4.elf.dir/Middlewares/Third_Party/RealThread_RTOS/drv/MPL/mllite/mlmath.c.obj
LOAD CMakeFiles/l4.elf.dir/Middlewares/Third_Party/RealThread_RTOS/drv/MPL/mllite/mpl.c.obj
LOAD CMakeFiles/l4.elf.dir/Middlewares/Third_Party/RealThread_RTOS/drv/MPL/mllite/results_holder.c.obj
LOAD CMakeFiles/l4.elf.dir/Middlewares/Third_Party/RealThread_RTOS/drv/MPL/mllite/start_manager.c.obj
LOAD CMakeFiles/l4.elf.dir/Middlewares/Third_Party/RealThread_RTOS/drv/MPL/mllite/storage_manager.c.obj
LOAD CMakeFiles/l4.elf.dir/Middlewares/Third_Party/RealThread_RTOS/drv/delay.c.obj
LOAD CMakeFiles/l4.elf.dir/Middlewares/Third_Party/RealThread_RTOS/drv/icm20608.c.obj
LOAD CMakeFiles/l4.elf.dir/Middlewares/Third_Party/RealThread_RTOS/drv/lcd.c.obj
LOAD CMakeFiles/l4.elf.dir/Middlewares/Third_Party/RealThread_RTOS/drv/myiic.c.obj
LOAD CMakeFiles/l4.elf.dir/Middlewares/Third_Party/RealThread_RTOS/drv/spi3.c.obj
LOAD CMakeFiles/l4.elf.dir/Middlewares/Third_Party/RealThread_RTOS/libcpu/arm/cortex-m4/context_gcc.S.obj
LOAD CMakeFiles/l4.elf.dir/Middlewares/Third_Party/RealThread_RTOS/libcpu/arm/cortex-m4/cpuport.c.obj
LOAD CMakeFiles/l4.elf.dir/Middlewares/Third_Party/RealThread_RTOS/src/board.c.obj
LOAD CMakeFiles/l4.elf.dir/Middlewares/Third_Party/RealThread_RTOS/src/clock.c.obj
LOAD CMakeFiles/l4.elf.dir/Middlewares/Third_Party/RealThread_RTOS/src/components.c.obj
LOAD CMakeFiles/l4.elf.dir/Middlewares/Third_Party/RealThread_RTOS/src/cpu.c.obj
LOAD CMakeFiles/l4.elf.dir/Middlewares/Third_Party/RealThread_RTOS/src/idle.c.obj
LOAD CMakeFiles/l4.elf.dir/Middlewares/Third_Party/RealThread_RTOS/src/ipc.c.obj
LOAD CMakeFiles/l4.elf.dir/Middlewares/Third_Party/RealThread_RTOS/src/irq.c.obj
LOAD CMakeFiles/l4.elf.dir/Middlewares/Third_Party/RealThread_RTOS/src/kservice.c.obj
LOAD CMakeFiles/l4.elf.dir/Middlewares/Third_Party/RealThread_RTOS/src/mem.c.obj
LOAD CMakeFiles/l4.elf.dir/Middlewares/Third_Party/RealThread_RTOS/src/memheap.c.obj
LOAD CMakeFiles/l4.elf.dir/Middlewares/Third_Party/RealThread_RTOS/src/mempool.c.obj
LOAD CMakeFiles/l4.elf.dir/Middlewares/Third_Party/RealThread_RTOS/src/object.c.obj
LOAD CMakeFiles/l4.elf.dir/Middlewares/Third_Party/RealThread_RTOS/src/scheduler.c.obj
LOAD CMakeFiles/l4.elf.dir/Middlewares/Third_Party/RealThread_RTOS/src/slab.c.obj
LOAD CMakeFiles/l4.elf.dir/Middlewares/Third_Party/RealThread_RTOS/src/thread.c.obj
LOAD CMakeFiles/l4.elf.dir/Middlewares/Third_Party/RealThread_RTOS/src/timer.c.obj
LOAD C:/Users/Admin/Desktop/l4/lib\liblibmplmpu.a
START GROUP
LOAD e:/soft/gcc-arm-none-eabi-10.3-2021.10/bin/../lib/gcc/arm-none-eabi/10.3.1/thumb/v7e-m/nofp\libgcc.a
LOAD e:/soft/gcc-arm-none-eabi-10.3-2021.10/bin/../lib/gcc/arm-none-eabi/10.3.1/../../../../arm-none-eabi/lib/thumb/v7e-m/nofp\libc.a
END GROUP
LOAD e:/soft/gcc-arm-none-eabi-10.3-2021.10/bin/../lib/gcc/arm-none-eabi/10.3.1/thumb/v7e-m/nofp/crtend.o
LOAD e:/soft/gcc-arm-none-eabi-10.3-2021.10/bin/../lib/gcc/arm-none-eabi/10.3.1/thumb/v7e-m/nofp/crtn.o
                0x20018000                _estack = (ORIGIN (RAM) + LENGTH (RAM))
                0x00000200                _Min_Heap_Size = 0x200
                0x00000400                _Min_Stack_Size = 0x400

.isr_vector     0x08000000      0x188
                0x08000000                . = ALIGN (0x4)
 *(.isr_vector)
 .isr_vector    0x08000000      0x188 CMakeFiles/l4.elf.dir/Core/Startup/startup_stm32l475vetx.s.obj
                0x08000000                g_pfnVectors
                0x08000188                . = ALIGN (0x4)

.text           0x080001c0    0x126c4
                0x080001c0                . = ALIGN (0x4)
 *(.text)
 .text          0x080001c0       0x40 e:/soft/gcc-arm-none-eabi-10.3-2021.10/bin/../lib/gcc/arm-none-eabi/10.3.1/thumb/v7e-m/nofp/crtbegin.o
 .text          0x08000200       0xfc CMakeFiles/l4.elf.dir/Middlewares/Third_Party/RealThread_RTOS/libcpu/arm/cortex-m4/context_gcc.S.obj
                0x08000200                rt_hw_interrupt_disable
                0x08000208                rt_hw_interrupt_enable
                0x0800020e                rt_hw_context_switch_interrupt
                0x0800020e                rt_hw_context_switch
                0x0800022e                PendSV_Handler
                0x0800026a                rt_hw_context_switch_to
                0x080002a4                rt_hw_interrupt_thread_switch
                0x080002a8                HardFault_Handler
 .text          0x080002fc      0xd48 C:/Users/Admin/Desktop/l4/lib\liblibmplmpu.a(fast_no_motion.o)
                0x0800048c                inv_init_maxmin
                0x08000524                inv_start_fast_nomot
                0x08000564                inv_fast_nomot_parameter
                0x08000570                inv_fast_nomot_parameter_3rd
                0x08000644                inv_fast_nomot_set_gyro_bias
                0x08000714                inv_set_fast_nomot_compass_threshold
                0x08000720                int_set_fast_nomot_gyro_threshold
                0x0800072c                inv_set_fast_nomot_accel_threshold
                0x08000738                inv_get_fast_nomot_compass_param
                0x08000758                inv_get_fast_nomot_accel_param
                0x08000778                inv_fast_nomot_store_data
                0x08000818                inv_fast_nomot_store_data_compass
                0x08000864                inv_fast_nomot_reset_data_compass
                0x08000890                inv_fast_nomot_get_time_elaps
                0x0800089c                inv_fast_nomot_parameter_compass
                0x080008b4                inv_get_right_shift_by_rounding
                0x08000934                inv_reset_min_max_gyro_accel_statistics
                0x08000968                inv_record_max_moment_in_no_motion_gyro
                0x0800099c                inv_record_max_moment_in_no_motion_accel
                0x080009d0                inv_record_min_moment_in_motion_gyro
                0x08000a04                inv_record_min_moment_in_motion_accel
                0x08000a38                inv_detect_motion_by_gyro_accel
                0x08000b7c                inv_sensor_data_preprocess
                0x08000c1c                inv_generate_fast_nomot
                0x08000f50                inv_set_default_number_of_samples
                0x08000f88                inv_init_fast_nomot
                0x08000ff0                inv_stop_fast_nomot
                0x08001008                inv_enable_fast_nomot
                0x08001020                inv_disable_fast_nomot
                0x08001034                inv_get_fnm_gyro_no_motion_param
                0x08001040                inv_fnm_debug_print
 *fill*         0x08001044        0x4 
 .text          0x08001048      0x730 C:/Users/Admin/Desktop/l4/lib\liblibmplmpu.a(fusion_9axis.o)
                0x08001048                inv_start_9x_sensor_fusion
                0x08001058                inv_filter_correction_angle
                0x08001250                inv_perform_9x_fusion
                0x08001638                inv_process_9x_sensor_fusion_cb
                0x080016d0                inv_init_9x_fusion
                0x0800170c                inv_9x_fusion_set_mag_fb
                0x0800171c                inv_9x_fusion_enable_jitter_reduction
                0x0800172c                inv_9x_fusion_use_timestamps
                0x0800173c                inv_stop_9x_sensor_fusion
                0x08001748                inv_enable_9x_sensor_fusion
                0x0800176c                inv_disable_9x_sensor_fusion
 .text          0x08001778      0x5a0 C:/Users/Admin/Desktop/l4/lib\liblibmplmpu.a(gyro_tc.o)
                0x08001778                inv_start_gyro_tc
                0x08001bf0                inv_init_gyro_ts
                0x08001c28                inv_set_gtc_max_temp
                0x08001c38                inv_set_gtc_min_temp
                0x08001c48                inv_set_gtc_min_diff
                0x08001c58                inv_get_gyro_ts
                0x08001c7c                inv_set_gyro_ts
                0x08001c80                inv_set_gtc_order
                0x08001c98                inv_print_gtc_data
                0x08001c9c                inv_stop_gyro_tc
                0x08001ca8                inv_enable_gyro_tc
                0x08001ce8                inv_disable_gyro_tc
 .text          0x08001d18      0x658 C:/Users/Admin/Desktop/l4/lib\liblibmplmpu.a(mag_disturb.o)
                0x08001d18                inv_start_magnetic_disturbance
                0x08001d28                inv_set_magnetic_disturbance
                0x08001d40                inv_init_magnetic_disturbance
                0x08001d8c                inv_stop_magnetic_disturbance
                0x08001d98                inv_enable_magnetic_disturbance
                0x08001dc4                inv_disable_magnetic_disturbance
                0x08001ddc                inv_disable_dip_tracking
                0x08001dec                inv_enable_dip_tracking
                0x08001dfc                inv_track_dip_angle
                0x08001e98                ComputeAngleVelocity
                0x08001ef8                Mag3ofNormalizedLong
                0x08001f50                MagDisturbSetDisturbance
                0x08001fc8                MagDisturbCheckSettling
                0x08002010                inv_check_magnetic_disturbance
                0x0800232c                inv_magnetic_disturbance_process
                0x08002364                inv_get_magnetic_disturbance_state
 .text          0x08002370      0xa98 C:/Users/Admin/Desktop/l4/lib\liblibmplmpu.a(quaternion_supervisor.o)
                0x0800245c                inv_start_quaternion
                0x080025b8                inv_generate_gyro_quaternion
                0x080025c4                inv_set_quaternion
                0x080025f4                inv_generate_accel_gyro_quaternion
                0x08002da0                inv_stop_quaternion
                0x08002dac                inv_init_quaternion
                0x08002dd0                inv_enable_quaternion
                0x08002de8                inv_disable_quaternion
 .text          0x08002e08      0x378 e:/soft/gcc-arm-none-eabi-10.3-2021.10/bin/../lib/gcc/arm-none-eabi/10.3.1/thumb/v7e-m/nofp\libgcc.a(_arm_addsubdf3.o)
                0x08002e08                __aeabi_drsub
                0x08002e10                __aeabi_dsub
                0x08002e10                __subdf3
                0x08002e14                __aeabi_dadd
                0x08002e14                __adddf3
                0x0800308c                __floatunsidf
                0x0800308c                __aeabi_ui2d
                0x080030ac                __floatsidf
                0x080030ac                __aeabi_i2d
                0x080030d0                __aeabi_f2d
                0x080030d0                __extendsfdf2
                0x08003114                __floatundidf
                0x08003114                __aeabi_ul2d
                0x08003124                __floatdidf
                0x08003124                __aeabi_l2d
 .text          0x08003180      0x424 e:/soft/gcc-arm-none-eabi-10.3-2021.10/bin/../lib/gcc/arm-none-eabi/10.3.1/thumb/v7e-m/nofp\libgcc.a(_arm_muldivdf3.o)
                0x08003180                __aeabi_dmul
                0x08003180                __muldf3
                0x080033d4                __divdf3
                0x080033d4                __aeabi_ddiv
 .text          0x080035a4      0x110 e:/soft/gcc-arm-none-eabi-10.3-2021.10/bin/../lib/gcc/arm-none-eabi/10.3.1/thumb/v7e-m/nofp\libgcc.a(_arm_cmpdf2.o)
                0x080035a4                __gtdf2
                0x080035a4                __gedf2
                0x080035ac                __ltdf2
                0x080035ac                __ledf2
                0x080035b4                __nedf2
                0x080035b4                __eqdf2
                0x080035b4                __cmpdf2
                0x08003630                __aeabi_cdrcmple
                0x08003640                __aeabi_cdcmpeq
                0x08003640                __aeabi_cdcmple
                0x08003650                __aeabi_dcmpeq
                0x08003664                __aeabi_dcmplt
                0x08003678                __aeabi_dcmple
                0x0800368c                __aeabi_dcmpge
                0x080036a0                __aeabi_dcmpgt
 .text          0x080036b4       0x50 e:/soft/gcc-arm-none-eabi-10.3-2021.10/bin/../lib/gcc/arm-none-eabi/10.3.1/thumb/v7e-m/nofp\libgcc.a(_arm_fixdfsi.o)
                0x080036b4                __aeabi_d2iz
                0x080036b4                __fixdfsi
 .text          0x08003704       0xa0 e:/soft/gcc-arm-none-eabi-10.3-2021.10/bin/../lib/gcc/arm-none-eabi/10.3.1/thumb/v7e-m/nofp\libgcc.a(_arm_truncdfsf2.o)
                0x08003704                __truncdfsf2
                0x08003704                __aeabi_d2f
 .text          0x080037a4      0x21c e:/soft/gcc-arm-none-eabi-10.3-2021.10/bin/../lib/gcc/arm-none-eabi/10.3.1/thumb/v7e-m/nofp\libgcc.a(_arm_addsubsf3.o)
                0x080037a4                __aeabi_frsub
                0x080037ac                __subsf3
                0x080037ac                __aeabi_fsub
                0x080037b0                __aeabi_fadd
                0x080037b0                __addsf3
                0x08003910                __aeabi_ui2f
                0x08003910                __floatunsisf
                0x08003918                __aeabi_i2f
                0x08003918                __floatsisf
                0x08003934                __aeabi_ul2f
                0x08003934                __floatundisf
                0x08003944                __aeabi_l2f
                0x08003944                __floatdisf
 .text          0x080039c0      0x2a0 e:/soft/gcc-arm-none-eabi-10.3-2021.10/bin/../lib/gcc/arm-none-eabi/10.3.1/thumb/v7e-m/nofp\libgcc.a(_arm_muldivsf3.o)
                0x080039c0                __mulsf3
                0x080039c0                __aeabi_fmul
                0x08003b28                __aeabi_fdiv
                0x08003b28                __divsf3
 .text          0x08003c60       0xec e:/soft/gcc-arm-none-eabi-10.3-2021.10/bin/../lib/gcc/arm-none-eabi/10.3.1/thumb/v7e-m/nofp\libgcc.a(_arm_cmpsf2.o)
                0x08003c60                __gesf2
                0x08003c60                __gtsf2
                0x08003c68                __lesf2
                0x08003c68                __ltsf2
                0x08003c70                __nesf2
                0x08003c70                __eqsf2
                0x08003c70                __cmpsf2
                0x08003cd0                __aeabi_cfrcmple
                0x08003cd8                __aeabi_cfcmpeq
                0x08003cd8                __aeabi_cfcmple
                0x08003ce8                __aeabi_fcmpeq
                0x08003cfc                __aeabi_fcmplt
                0x08003d10                __aeabi_fcmple
                0x08003d24                __aeabi_fcmpge
                0x08003d38                __aeabi_fcmpgt
 .text          0x08003d4c       0x4c e:/soft/gcc-arm-none-eabi-10.3-2021.10/bin/../lib/gcc/arm-none-eabi/10.3.1/thumb/v7e-m/nofp\libgcc.a(_arm_fixsfsi.o)
                0x08003d4c                __aeabi_f2iz
                0x08003d4c                __fixsfsi
 .text          0x08003d98       0xa0 e:/soft/gcc-arm-none-eabi-10.3-2021.10/bin/../lib/gcc/arm-none-eabi/10.3.1/thumb/v7e-m/nofp\libgcc.a(_aeabi_ldivmod.o)
                0x08003d98                __aeabi_ldivmod
 .text          0x08003e38       0x30 e:/soft/gcc-arm-none-eabi-10.3-2021.10/bin/../lib/gcc/arm-none-eabi/10.3.1/thumb/v7e-m/nofp\libgcc.a(_aeabi_uldivmod.o)
                0x08003e38                __aeabi_uldivmod
 .text          0x08003e68       0x28 e:/soft/gcc-arm-none-eabi-10.3-2021.10/bin/../lib/gcc/arm-none-eabi/10.3.1/thumb/v7e-m/nofp\libgcc.a(_fixsfdi.o)
                0x08003e68                __fixsfdi
                0x08003e68                __aeabi_f2lz
 .text          0x08003e90       0x40 e:/soft/gcc-arm-none-eabi-10.3-2021.10/bin/../lib/gcc/arm-none-eabi/10.3.1/thumb/v7e-m/nofp\libgcc.a(_fixunssfdi.o)
                0x08003e90                __fixunssfdi
                0x08003e90                __aeabi_f2ulz
 .text          0x08003ed0      0x2d0 e:/soft/gcc-arm-none-eabi-10.3-2021.10/bin/../lib/gcc/arm-none-eabi/10.3.1/thumb/v7e-m/nofp\libgcc.a(_udivmoddi4.o)
                0x08003ed0                __udivmoddi4
 .text          0x080041a0        0x4 e:/soft/gcc-arm-none-eabi-10.3-2021.10/bin/../lib/gcc/arm-none-eabi/10.3.1/thumb/v7e-m/nofp\libgcc.a(_dvmd_tls.o)
                0x080041a0                __aeabi_idiv0
                0x080041a0                __aeabi_ldiv0
 .text          0x080041a4       0x40 e:/soft/gcc-arm-none-eabi-10.3-2021.10/bin/../lib/gcc/arm-none-eabi/10.3.1/thumb/v7e-m/nofp\libgcc.a(_arm_fixunsdfsi.o)
                0x080041a4                __aeabi_d2uiz
                0x080041a4                __fixunsdfsi
 .text          0x080041e4      0x134 e:/soft/gcc-arm-none-eabi-10.3-2021.10/bin/../lib/gcc/arm-none-eabi/10.3.1/../../../../arm-none-eabi/lib/thumb/v7e-m/nofp\libc.a(lib_a-memcpy.o)
                0x080041e4                memcpy
 *fill*         0x08004318       0x28 
 .text          0x08004340       0xdc e:/soft/gcc-arm-none-eabi-10.3-2021.10/bin/../lib/gcc/arm-none-eabi/10.3.1/../../../../arm-none-eabi/lib/thumb/v7e-m/nofp\libc.a(lib_a-strlen.o)
                0x08004340                strlen
 *fill*         0x0800441c        0x4 
 .text          0x08004420       0xa0 e:/soft/gcc-arm-none-eabi-10.3-2021.10/bin/../lib/gcc/arm-none-eabi/10.3.1/../../../../arm-none-eabi/lib/thumb/v7e-m/nofp\libc.a(lib_a-memchr.o)
                0x08004420                memchr
 .text          0x080044c0       0x2c e:/soft/gcc-arm-none-eabi-10.3-2021.10/bin/../lib/gcc/arm-none-eabi/10.3.1/thumb/v7e-m/nofp\libgcc.a(_arm_unorddf2.o)
                0x080044c0                __unorddf2
                0x080044c0                __aeabi_dcmpun
 .text          0x080044ec       0x2c e:/soft/gcc-arm-none-eabi-10.3-2021.10/bin/../lib/gcc/arm-none-eabi/10.3.1/thumb/v7e-m/nofp\libgcc.a(_arm_unordsf2.o)
                0x080044ec                __unordsf2
                0x080044ec                __aeabi_fcmpun
 *(.text*)
 .text.HAL_MspInit
                0x08004518        0x2 CMakeFiles/l4.elf.dir/Core/Src/stm32l4xx_hal_msp.c.obj
                0x08004518                HAL_MspInit
 *fill*         0x0800451a        0x2 
 .text.HAL_UART_MspInit
                0x0800451c       0x88 CMakeFiles/l4.elf.dir/Core/Src/stm32l4xx_hal_msp.c.obj
                0x0800451c                HAL_UART_MspInit
 .text.NMI_Handler
                0x080045a4        0x2 CMakeFiles/l4.elf.dir/Core/Src/stm32l4xx_it.c.obj
                0x080045a4                NMI_Handler
 .text.MemManage_Handler
                0x080045a6        0x2 CMakeFiles/l4.elf.dir/Core/Src/stm32l4xx_it.c.obj
                0x080045a6                MemManage_Handler
 .text.BusFault_Handler
                0x080045a8        0x2 CMakeFiles/l4.elf.dir/Core/Src/stm32l4xx_it.c.obj
                0x080045a8                BusFault_Handler
 .text.UsageFault_Handler
                0x080045aa        0x2 CMakeFiles/l4.elf.dir/Core/Src/stm32l4xx_it.c.obj
                0x080045aa                UsageFault_Handler
 .text.DebugMon_Handler
                0x080045ac        0x2 CMakeFiles/l4.elf.dir/Core/Src/stm32l4xx_it.c.obj
                0x080045ac                DebugMon_Handler
 .text._getpid  0x080045ae        0x4 CMakeFiles/l4.elf.dir/Core/Src/syscalls.c.obj
                0x080045ae                _getpid
 .text._kill    0x080045b2       0x10 CMakeFiles/l4.elf.dir/Core/Src/syscalls.c.obj
                0x080045b2                _kill
 .text._exit    0x080045c2        0xc CMakeFiles/l4.elf.dir/Core/Src/syscalls.c.obj
                0x080045c2                _exit
 .text._read    0x080045ce       0x20 CMakeFiles/l4.elf.dir/Core/Src/syscalls.c.obj
                0x080045ce                _read
 .text._write   0x080045ee       0x1c CMakeFiles/l4.elf.dir/Core/Src/syscalls.c.obj
                0x080045ee                _write
 .text._close   0x0800460a        0x6 CMakeFiles/l4.elf.dir/Core/Src/syscalls.c.obj
                0x0800460a                _close
 .text._fstat   0x08004610        0xa CMakeFiles/l4.elf.dir/Core/Src/syscalls.c.obj
                0x08004610                _fstat
 .text._isatty  0x0800461a        0x4 CMakeFiles/l4.elf.dir/Core/Src/syscalls.c.obj
                0x0800461a                _isatty
 .text._lseek   0x0800461e        0x4 CMakeFiles/l4.elf.dir/Core/Src/syscalls.c.obj
                0x0800461e                _lseek
 *fill*         0x08004622        0x2 
 .text._sbrk    0x08004624       0x48 CMakeFiles/l4.elf.dir/Core/Src/sysmem.c.obj
                0x08004624                _sbrk
 .text.SystemInit
                0x0800466c        0x2 CMakeFiles/l4.elf.dir/Core/Src/system_stm32l4xx.c.obj
                0x0800466c                SystemInit
 *fill*         0x0800466e        0x2 
 .text.SystemCoreClockUpdate
                0x08004670       0xd8 CMakeFiles/l4.elf.dir/Core/Src/system_stm32l4xx.c.obj
                0x08004670                SystemCoreClockUpdate
 .text.Reset_Handler
                0x08004748       0x50 CMakeFiles/l4.elf.dir/Core/Startup/startup_stm32l475vetx.s.obj
                0x08004748                Reset_Handler
 .text.Default_Handler
                0x08004798        0x2 CMakeFiles/l4.elf.dir/Core/Startup/startup_stm32l475vetx.s.obj
                0x08004798                RTC_Alarm_IRQHandler
                0x08004798                EXTI2_IRQHandler
                0x08004798                TIM8_TRG_COM_IRQHandler
                0x08004798                TIM8_CC_IRQHandler
                0x08004798                TIM1_CC_IRQHandler
                0x08004798                TSC_IRQHandler
                0x08004798                TAMP_STAMP_IRQHandler
                0x08004798                EXTI3_IRQHandler
                0x08004798                LPTIM2_IRQHandler
                0x08004798                DFSDM1_FLT1_IRQHandler
                0x08004798                I2C3_ER_IRQHandler
                0x08004798                DFSDM1_FLT2_IRQHandler
                0x08004798                EXTI0_IRQHandler
                0x08004798                I2C2_EV_IRQHandler
                0x08004798                CAN1_RX0_IRQHandler
                0x08004798                FPU_IRQHandler
                0x08004798                TIM1_UP_TIM16_IRQHandler
                0x08004798                ADC1_2_IRQHandler
                0x08004798                SPI1_IRQHandler
                0x08004798                TIM6_DAC_IRQHandler
                0x08004798                TIM8_UP_IRQHandler
                0x08004798                DMA2_Channel2_IRQHandler
                0x08004798                DMA1_Channel4_IRQHandler
                0x08004798                SAI2_IRQHandler
                0x08004798                DFSDM1_FLT3_IRQHandler
                0x08004798                USART3_IRQHandler
                0x08004798                DMA1_Channel7_IRQHandler
                0x08004798                CAN1_RX1_IRQHandler
                0x08004798                UART5_IRQHandler
                0x08004798                ADC3_IRQHandler
                0x08004798                TIM4_IRQHandler
                0x08004798                DMA2_Channel1_IRQHandler
                0x08004798                QUADSPI_IRQHandler
                0x08004798                I2C1_EV_IRQHandler
                0x08004798                DMA1_Channel6_IRQHandler
                0x08004798                UART4_IRQHandler
                0x08004798                DMA2_Channel4_IRQHandler
                0x08004798                TIM3_IRQHandler
                0x08004798                RCC_IRQHandler
                0x08004798                DMA1_Channel1_IRQHandler
                0x08004798                Default_Handler
                0x08004798                DMA2_Channel7_IRQHandler
                0x08004798                EXTI15_10_IRQHandler
                0x08004798                TIM7_IRQHandler
                0x08004798                SDMMC1_IRQHandler
                0x08004798                TIM5_IRQHandler
                0x08004798                I2C3_EV_IRQHandler
                0x08004798                EXTI9_5_IRQHandler
                0x08004798                RTC_WKUP_IRQHandler
                0x08004798                PVD_PVM_IRQHandler
                0x08004798                SPI2_IRQHandler
                0x08004798                CAN1_TX_IRQHandler
                0x08004798                SVC_Handler
                0x08004798                DMA2_Channel5_IRQHandler
                0x08004798                DMA1_Channel5_IRQHandler
                0x08004798                EXTI4_IRQHandler
                0x08004798                RNG_IRQHandler
                0x08004798                TIM1_TRG_COM_TIM17_IRQHandler
                0x08004798                DMA1_Channel3_IRQHandler
                0x08004798                COMP_IRQHandler
                0x08004798                WWDG_IRQHandler
                0x08004798                LPUART1_IRQHandler
                0x08004798                DMA2_Channel6_IRQHandler
                0x08004798                TIM2_IRQHandler
                0x08004798                EXTI1_IRQHandler
                0x08004798                USART2_IRQHandler
                0x08004798                DFSDM1_FLT0_IRQHandler
                0x08004798                I2C2_ER_IRQHandler
                0x08004798                DMA1_Channel2_IRQHandler
                0x08004798                TIM8_BRK_IRQHandler
                0x08004798                CAN1_SCE_IRQHandler
                0x08004798                FLASH_IRQHandler
                0x08004798                USART1_IRQHandler
                0x08004798                OTG_FS_IRQHandler
                0x08004798                SPI3_IRQHandler
                0x08004798                I2C1_ER_IRQHandler
                0x08004798                FMC_IRQHandler
                0x08004798                SWPMI1_IRQHandler
                0x08004798                LPTIM1_IRQHandler
                0x08004798                SAI1_IRQHandler
                0x08004798                DMA2_Channel3_IRQHandler
                0x08004798                TIM1_BRK_TIM15_IRQHandler
 *fill*         0x0800479a        0x2 
 .text.HAL_InitTick
                0x0800479c       0x50 CMakeFiles/l4.elf.dir/Drivers/STM32L4xx_HAL_Driver/Src/stm32l4xx_hal.c.obj
                0x0800479c                HAL_InitTick
 .text.HAL_Init
                0x080047ec       0x1e CMakeFiles/l4.elf.dir/Drivers/STM32L4xx_HAL_Driver/Src/stm32l4xx_hal.c.obj
                0x080047ec                HAL_Init
 *fill*         0x0800480a        0x2 
 .text.HAL_GetTick
                0x0800480c        0xc CMakeFiles/l4.elf.dir/Drivers/STM32L4xx_HAL_Driver/Src/stm32l4xx_hal.c.obj
                0x0800480c                HAL_GetTick
 .text.HAL_NVIC_SetPriorityGrouping
                0x08004818       0x24 CMakeFiles/l4.elf.dir/Drivers/STM32L4xx_HAL_Driver/Src/stm32l4xx_hal_cortex.c.obj
                0x08004818                HAL_NVIC_SetPriorityGrouping
 .text.HAL_NVIC_SetPriority
                0x0800483c       0x70 CMakeFiles/l4.elf.dir/Drivers/STM32L4xx_HAL_Driver/Src/stm32l4xx_hal_cortex.c.obj
                0x0800483c                HAL_NVIC_SetPriority
 .text.HAL_SYSTICK_Config
                0x080048ac       0x28 CMakeFiles/l4.elf.dir/Drivers/STM32L4xx_HAL_Driver/Src/stm32l4xx_hal_cortex.c.obj
                0x080048ac                HAL_SYSTICK_Config
 .text.HAL_SYSTICK_CLKSourceConfig
                0x080048d4       0x20 CMakeFiles/l4.elf.dir/Drivers/STM32L4xx_HAL_Driver/Src/stm32l4xx_hal_cortex.c.obj
                0x080048d4                HAL_SYSTICK_CLKSourceConfig
 .text.HAL_GPIO_Init
                0x080048f4      0x20c CMakeFiles/l4.elf.dir/Drivers/STM32L4xx_HAL_Driver/Src/stm32l4xx_hal_gpio.c.obj
                0x080048f4                HAL_GPIO_Init
 .text.HAL_GPIO_ReadPin
                0x08004b00        0xe CMakeFiles/l4.elf.dir/Drivers/STM32L4xx_HAL_Driver/Src/stm32l4xx_hal_gpio.c.obj
                0x08004b00                HAL_GPIO_ReadPin
 .text.HAL_GPIO_WritePin
                0x08004b0e        0xa CMakeFiles/l4.elf.dir/Drivers/STM32L4xx_HAL_Driver/Src/stm32l4xx_hal_gpio.c.obj
                0x08004b0e                HAL_GPIO_WritePin
 .text.HAL_PWREx_GetVoltageRange
                0x08004b18       0x10 CMakeFiles/l4.elf.dir/Drivers/STM32L4xx_HAL_Driver/Src/stm32l4xx_hal_pwr_ex.c.obj
                0x08004b18                HAL_PWREx_GetVoltageRange
 .text.HAL_PWREx_ControlVoltageScaling
                0x08004b28       0x90 CMakeFiles/l4.elf.dir/Drivers/STM32L4xx_HAL_Driver/Src/stm32l4xx_hal_pwr_ex.c.obj
                0x08004b28                HAL_PWREx_ControlVoltageScaling
 .text.RCC_SetFlashLatencyFromMSIRange
                0x08004bb8       0x90 CMakeFiles/l4.elf.dir/Drivers/STM32L4xx_HAL_Driver/Src/stm32l4xx_hal_rcc.c.obj
 .text.HAL_RCC_GetSysClockFreq
                0x08004c48       0xb4 CMakeFiles/l4.elf.dir/Drivers/STM32L4xx_HAL_Driver/Src/stm32l4xx_hal_rcc.c.obj
                0x08004c48                HAL_RCC_GetSysClockFreq
 .text.HAL_RCC_OscConfig
                0x08004cfc      0x61c CMakeFiles/l4.elf.dir/Drivers/STM32L4xx_HAL_Driver/Src/stm32l4xx_hal_rcc.c.obj
                0x08004cfc                HAL_RCC_OscConfig
 .text.HAL_RCC_ClockConfig
                0x08005318      0x188 CMakeFiles/l4.elf.dir/Drivers/STM32L4xx_HAL_Driver/Src/stm32l4xx_hal_rcc.c.obj
                0x08005318                HAL_RCC_ClockConfig
 .text.HAL_RCC_GetHCLKFreq
                0x080054a0        0xc CMakeFiles/l4.elf.dir/Drivers/STM32L4xx_HAL_Driver/Src/stm32l4xx_hal_rcc.c.obj
                0x080054a0                HAL_RCC_GetHCLKFreq
 .text.HAL_RCC_GetPCLK1Freq
                0x080054ac       0x24 CMakeFiles/l4.elf.dir/Drivers/STM32L4xx_HAL_Driver/Src/stm32l4xx_hal_rcc.c.obj
                0x080054ac                HAL_RCC_GetPCLK1Freq
 .text.HAL_RCC_GetPCLK2Freq
                0x080054d0       0x24 CMakeFiles/l4.elf.dir/Drivers/STM32L4xx_HAL_Driver/Src/stm32l4xx_hal_rcc.c.obj
                0x080054d0                HAL_RCC_GetPCLK2Freq
 .text.RCCEx_PLLSAI1_Config
                0x080054f4      0x170 CMakeFiles/l4.elf.dir/Drivers/STM32L4xx_HAL_Driver/Src/stm32l4xx_hal_rcc_ex.c.obj
 .text.RCCEx_PLLSAI2_Config
                0x08005664      0x14c CMakeFiles/l4.elf.dir/Drivers/STM32L4xx_HAL_Driver/Src/stm32l4xx_hal_rcc_ex.c.obj
 .text.HAL_RCCEx_PeriphCLKConfig
                0x080057b0      0x454 CMakeFiles/l4.elf.dir/Drivers/STM32L4xx_HAL_Driver/Src/stm32l4xx_hal_rcc_ex.c.obj
                0x080057b0                HAL_RCCEx_PeriphCLKConfig
 .text.SPI_WaitFlagStateUntilTimeout
                0x08005c04       0xd4 CMakeFiles/l4.elf.dir/Drivers/STM32L4xx_HAL_Driver/Src/stm32l4xx_hal_spi.c.obj
 .text.SPI_WaitFifoStateUntilTimeout
                0x08005cd8       0xf4 CMakeFiles/l4.elf.dir/Drivers/STM32L4xx_HAL_Driver/Src/stm32l4xx_hal_spi.c.obj
 .text.SPI_EndRxTxTransaction
                0x08005dcc       0x62 CMakeFiles/l4.elf.dir/Drivers/STM32L4xx_HAL_Driver/Src/stm32l4xx_hal_spi.c.obj
 .text.HAL_SPI_Init
                0x08005e2e       0xde CMakeFiles/l4.elf.dir/Drivers/STM32L4xx_HAL_Driver/Src/stm32l4xx_hal_spi.c.obj
                0x08005e2e                HAL_SPI_Init
 .text.HAL_SPI_Transmit
                0x08005f0c      0x202 CMakeFiles/l4.elf.dir/Drivers/STM32L4xx_HAL_Driver/Src/stm32l4xx_hal_spi.c.obj
                0x08005f0c                HAL_SPI_Transmit
 *fill*         0x0800610e        0x2 
 .text.UART_SetConfig
                0x08006110      0x328 CMakeFiles/l4.elf.dir/Drivers/STM32L4xx_HAL_Driver/Src/stm32l4xx_hal_uart.c.obj
                0x08006110                UART_SetConfig
 .text.UART_AdvFeatureConfig
                0x08006438       0xca CMakeFiles/l4.elf.dir/Drivers/STM32L4xx_HAL_Driver/Src/stm32l4xx_hal_uart.c.obj
                0x08006438                UART_AdvFeatureConfig
 .text.UART_WaitOnFlagUntilTimeout
                0x08006502       0xd4 CMakeFiles/l4.elf.dir/Drivers/STM32L4xx_HAL_Driver/Src/stm32l4xx_hal_uart.c.obj
                0x08006502                UART_WaitOnFlagUntilTimeout
 .text.HAL_UART_Transmit
                0x080065d6       0xd8 CMakeFiles/l4.elf.dir/Drivers/STM32L4xx_HAL_Driver/Src/stm32l4xx_hal_uart.c.obj
                0x080065d6                HAL_UART_Transmit
 .text.UART_CheckIdleState
                0x080066ae       0x70 CMakeFiles/l4.elf.dir/Drivers/STM32L4xx_HAL_Driver/Src/stm32l4xx_hal_uart.c.obj
                0x080066ae                UART_CheckIdleState
 .text.HAL_UART_Init
                0x0800671e       0x62 CMakeFiles/l4.elf.dir/Drivers/STM32L4xx_HAL_Driver/Src/stm32l4xx_hal_uart.c.obj
                0x0800671e                HAL_UART_Init
 .text.rt_device_write
                0x08006780       0x26 CMakeFiles/l4.elf.dir/Middlewares/Third_Party/RealThread_RTOS/components/device/device.c.obj
                0x08006780                rt_device_write
 *fill*         0x080067a6        0x2 
 .text.set_int_enable
                0x080067a8       0x5c CMakeFiles/l4.elf.dir/Middlewares/Third_Party/RealThread_RTOS/drv/MPL/driver/eMPL/inv_icm20608.c.obj
 .text.icm_get_temperature
                0x08006804       0x88 CMakeFiles/l4.elf.dir/Middlewares/Third_Party/RealThread_RTOS/drv/MPL/driver/eMPL/inv_icm20608.c.obj
                0x08006804                icm_get_temperature
 .text.icm_reset_fifo
                0x0800688c      0x12c CMakeFiles/l4.elf.dir/Middlewares/Third_Party/RealThread_RTOS/drv/MPL/driver/eMPL/inv_icm20608.c.obj
                0x0800688c                icm_reset_fifo
 .text.icm_get_gyro_fsr
                0x080069b8       0x3c CMakeFiles/l4.elf.dir/Middlewares/Third_Party/RealThread_RTOS/drv/MPL/driver/eMPL/inv_icm20608.c.obj
                0x080069b8                icm_get_gyro_fsr
 .text.icm_set_gyro_fsr
                0x080069f4       0xac CMakeFiles/l4.elf.dir/Middlewares/Third_Party/RealThread_RTOS/drv/MPL/driver/eMPL/inv_icm20608.c.obj
                0x080069f4                icm_set_gyro_fsr
 .text.icm_get_accel_fsr
                0x08006aa0       0x3c CMakeFiles/l4.elf.dir/Middlewares/Third_Party/RealThread_RTOS/drv/MPL/driver/eMPL/inv_icm20608.c.obj
                0x08006aa0                icm_get_accel_fsr
 .text.icm_set_accel_fsr
                0x08006adc       0x94 CMakeFiles/l4.elf.dir/Middlewares/Third_Party/RealThread_RTOS/drv/MPL/driver/eMPL/inv_icm20608.c.obj
                0x08006adc                icm_set_accel_fsr
 .text.icm_get_gyro_lpf
                0x08006b70       0x54 CMakeFiles/l4.elf.dir/Middlewares/Third_Party/RealThread_RTOS/drv/MPL/driver/eMPL/inv_icm20608.c.obj
                0x08006b70                icm_get_gyro_lpf
 .text.icm_set_gyro_lpf
                0x08006bc4      0x138 CMakeFiles/l4.elf.dir/Middlewares/Third_Party/RealThread_RTOS/drv/MPL/driver/eMPL/inv_icm20608.c.obj
                0x08006bc4                icm_set_gyro_lpf
 .text.icm_get_accel_lpf
                0x08006cfc       0x4c CMakeFiles/l4.elf.dir/Middlewares/Third_Party/RealThread_RTOS/drv/MPL/driver/eMPL/inv_icm20608.c.obj
                0x08006cfc                icm_get_accel_lpf
 .text.icm_set_accel_lpf
                0x08006d48       0xf0 CMakeFiles/l4.elf.dir/Middlewares/Third_Party/RealThread_RTOS/drv/MPL/driver/eMPL/inv_icm20608.c.obj
                0x08006d48                icm_set_accel_lpf
 .text.icm_get_sample_rate
                0x08006e38       0x10 CMakeFiles/l4.elf.dir/Middlewares/Third_Party/RealThread_RTOS/drv/MPL/driver/eMPL/inv_icm20608.c.obj
                0x08006e38                icm_get_sample_rate
 .text.icm_get_fifo_config
                0x08006e48       0x10 CMakeFiles/l4.elf.dir/Middlewares/Third_Party/RealThread_RTOS/drv/MPL/driver/eMPL/inv_icm20608.c.obj
                0x08006e48                icm_get_fifo_config
 .text.icm_configure_fifo
                0x08006e58       0x58 CMakeFiles/l4.elf.dir/Middlewares/Third_Party/RealThread_RTOS/drv/MPL/driver/eMPL/inv_icm20608.c.obj
                0x08006e58                icm_configure_fifo
 .text.icm_read_fifo
                0x08006eb0      0x1fc CMakeFiles/l4.elf.dir/Middlewares/Third_Party/RealThread_RTOS/drv/MPL/driver/eMPL/inv_icm20608.c.obj
                0x08006eb0                icm_read_fifo
 .text.icm_set_bypass
                0x080070ac      0x168 CMakeFiles/l4.elf.dir/Middlewares/Third_Party/RealThread_RTOS/drv/MPL/driver/eMPL/inv_icm20608.c.obj
                0x080070ac                icm_set_bypass
 .text.icm_set_int_latched
                0x08007214       0x74 CMakeFiles/l4.elf.dir/Middlewares/Third_Party/RealThread_RTOS/drv/MPL/driver/eMPL/inv_icm20608.c.obj
                0x08007214                icm_set_int_latched
 .text.icm_set_sensors
                0x08007288       0xe4 CMakeFiles/l4.elf.dir/Middlewares/Third_Party/RealThread_RTOS/drv/MPL/driver/eMPL/inv_icm20608.c.obj
                0x08007288                icm_set_sensors
 .text.icm_lp_accel_mode
                0x0800736c      0x1a8 CMakeFiles/l4.elf.dir/Middlewares/Third_Party/RealThread_RTOS/drv/MPL/driver/eMPL/inv_icm20608.c.obj
                0x0800736c                icm_lp_accel_mode
 .text.icm_set_sample_rate
                0x08007514       0x98 CMakeFiles/l4.elf.dir/Middlewares/Third_Party/RealThread_RTOS/drv/MPL/driver/eMPL/inv_icm20608.c.obj
                0x08007514                icm_set_sample_rate
 .text.icm_init
                0x080075ac      0x110 CMakeFiles/l4.elf.dir/Middlewares/Third_Party/RealThread_RTOS/drv/MPL/driver/eMPL/inv_icm20608.c.obj
                0x080075ac                icm_init
 .text.mpu_mpl_init
                0x080076bc       0xb4 CMakeFiles/l4.elf.dir/Middlewares/Third_Party/RealThread_RTOS/drv/MPL/driver/eMPL/inv_icm20608.c.obj
                0x080076bc                mpu_mpl_init
 .text.mpu_mpl_get_data
                0x08007770       0xbe CMakeFiles/l4.elf.dir/Middlewares/Third_Party/RealThread_RTOS/drv/MPL/driver/eMPL/inv_icm20608.c.obj
                0x08007770                mpu_mpl_get_data
 .text._MLPrintLog
                0x0800782e       0xac CMakeFiles/l4.elf.dir/Middlewares/Third_Party/RealThread_RTOS/drv/MPL/driver/stm32L/log_stm32.c.obj
                0x0800782e                _MLPrintLog
 *fill*         0x080078da        0x2 
 .text.inv_start_eMPL_outputs
                0x080078dc       0x14 CMakeFiles/l4.elf.dir/Middlewares/Third_Party/RealThread_RTOS/drv/MPL/eMPL-hal/eMPL_outputs.c.obj
 .text.inv_generate_eMPL_outputs
                0x080078f0       0xb8 CMakeFiles/l4.elf.dir/Middlewares/Third_Party/RealThread_RTOS/drv/MPL/eMPL-hal/eMPL_outputs.c.obj
 .text.inv_init_eMPL_outputs
                0x080079a8       0x14 CMakeFiles/l4.elf.dir/Middlewares/Third_Party/RealThread_RTOS/drv/MPL/eMPL-hal/eMPL_outputs.c.obj
 .text.inv_get_sensor_type_euler
                0x080079bc      0x1c8 CMakeFiles/l4.elf.dir/Middlewares/Third_Party/RealThread_RTOS/drv/MPL/eMPL-hal/eMPL_outputs.c.obj
                0x080079bc                inv_get_sensor_type_euler
 .text.inv_enable_eMPL_outputs
                0x08007b84       0x18 CMakeFiles/l4.elf.dir/Middlewares/Third_Party/RealThread_RTOS/drv/MPL/eMPL-hal/eMPL_outputs.c.obj
                0x08007b84                inv_enable_eMPL_outputs
 .text.inv_set_contiguous
                0x08007b9c       0xa4 CMakeFiles/l4.elf.dir/Middlewares/Third_Party/RealThread_RTOS/drv/MPL/mllite/data_builder.c.obj
 .text.inv_db_save_func
                0x08007c40       0x14 CMakeFiles/l4.elf.dir/Middlewares/Third_Party/RealThread_RTOS/drv/MPL/mllite/data_builder.c.obj
 .text.inv_db_load_func
                0x08007c54       0x40 CMakeFiles/l4.elf.dir/Middlewares/Third_Party/RealThread_RTOS/drv/MPL/mllite/data_builder.c.obj
 .text.set_sensor_orientation_and_scale
                0x08007c94        0x6 CMakeFiles/l4.elf.dir/Middlewares/Third_Party/RealThread_RTOS/drv/MPL/mllite/data_builder.c.obj
                0x08007c94                set_sensor_orientation_and_scale
 *fill*         0x08007c9a        0x2 
 .text.inv_set_gyro_orientation_and_scale
                0x08007c9c       0x14 CMakeFiles/l4.elf.dir/Middlewares/Third_Party/RealThread_RTOS/drv/MPL/mllite/data_builder.c.obj
                0x08007c9c                inv_set_gyro_orientation_and_scale
 .text.inv_set_gyro_sample_rate
                0x08007cb0       0x30 CMakeFiles/l4.elf.dir/Middlewares/Third_Party/RealThread_RTOS/drv/MPL/mllite/data_builder.c.obj
                0x08007cb0                inv_set_gyro_sample_rate
 .text.inv_set_accel_sample_rate
                0x08007ce0       0x34 CMakeFiles/l4.elf.dir/Middlewares/Third_Party/RealThread_RTOS/drv/MPL/mllite/data_builder.c.obj
                0x08007ce0                inv_set_accel_sample_rate
 .text.inv_get_compass_on
                0x08007d14       0x10 CMakeFiles/l4.elf.dir/Middlewares/Third_Party/RealThread_RTOS/drv/MPL/mllite/data_builder.c.obj
                0x08007d14                inv_get_compass_on
 .text.inv_get_gyro_on
                0x08007d24       0x10 CMakeFiles/l4.elf.dir/Middlewares/Third_Party/RealThread_RTOS/drv/MPL/mllite/data_builder.c.obj
                0x08007d24                inv_get_gyro_on
 .text.inv_get_accel_on
                0x08007d34       0x10 CMakeFiles/l4.elf.dir/Middlewares/Third_Party/RealThread_RTOS/drv/MPL/mllite/data_builder.c.obj
                0x08007d34                inv_get_accel_on
 .text.inv_get_last_timestamp
                0x08007d44       0x5c CMakeFiles/l4.elf.dir/Middlewares/Third_Party/RealThread_RTOS/drv/MPL/mllite/data_builder.c.obj
                0x08007d44                inv_get_last_timestamp
 .text.inv_set_accel_orientation_and_scale
                0x08007da0       0x14 CMakeFiles/l4.elf.dir/Middlewares/Third_Party/RealThread_RTOS/drv/MPL/mllite/data_builder.c.obj
                0x08007da0                inv_set_accel_orientation_and_scale
 .text.inv_apply_calibration
                0x08007db4       0x6a CMakeFiles/l4.elf.dir/Middlewares/Third_Party/RealThread_RTOS/drv/MPL/mllite/data_builder.c.obj
                0x08007db4                inv_apply_calibration
 *fill*         0x08007e1e        0x2 
 .text.inv_set_compass_disturbance
                0x08007e20        0xc CMakeFiles/l4.elf.dir/Middlewares/Third_Party/RealThread_RTOS/drv/MPL/mllite/data_builder.c.obj
                0x08007e20                inv_set_compass_disturbance
 .text.inv_set_gyro_bias
                0x08007e2c       0x6c CMakeFiles/l4.elf.dir/Middlewares/Third_Party/RealThread_RTOS/drv/MPL/mllite/data_builder.c.obj
                0x08007e2c                inv_set_gyro_bias
 .text.inv_get_gyro_bias_tc_set
                0x08007e98       0x1c CMakeFiles/l4.elf.dir/Middlewares/Third_Party/RealThread_RTOS/drv/MPL/mllite/data_builder.c.obj
                0x08007e98                inv_get_gyro_bias_tc_set
 .text.inv_get_gyro_bias
                0x08007eb4       0x3c CMakeFiles/l4.elf.dir/Middlewares/Third_Party/RealThread_RTOS/drv/MPL/mllite/data_builder.c.obj
                0x08007eb4                inv_get_gyro_bias
 .text.inv_build_accel
                0x08007ef0       0x7c CMakeFiles/l4.elf.dir/Middlewares/Third_Party/RealThread_RTOS/drv/MPL/mllite/data_builder.c.obj
                0x08007ef0                inv_build_accel
 .text.inv_build_gyro
                0x08007f6c       0x30 CMakeFiles/l4.elf.dir/Middlewares/Third_Party/RealThread_RTOS/drv/MPL/mllite/data_builder.c.obj
                0x08007f6c                inv_build_gyro
 .text.inv_build_temp
                0x08007f9c       0x28 CMakeFiles/l4.elf.dir/Middlewares/Third_Party/RealThread_RTOS/drv/MPL/mllite/data_builder.c.obj
                0x08007f9c                inv_build_temp
 .text.inv_register_data_cb
                0x08007fc4       0xbc CMakeFiles/l4.elf.dir/Middlewares/Third_Party/RealThread_RTOS/drv/MPL/mllite/data_builder.c.obj
                0x08007fc4                inv_register_data_cb
 .text.inv_unregister_data_cb
                0x08008080       0x5c CMakeFiles/l4.elf.dir/Middlewares/Third_Party/RealThread_RTOS/drv/MPL/mllite/data_builder.c.obj
                0x08008080                inv_unregister_data_cb
 .text.inv_execute_on_data
                0x080080dc       0x98 CMakeFiles/l4.elf.dir/Middlewares/Third_Party/RealThread_RTOS/drv/MPL/mllite/data_builder.c.obj
                0x080080dc                inv_execute_on_data
 .text.inv_get_accel_set
                0x08008174       0x38 CMakeFiles/l4.elf.dir/Middlewares/Third_Party/RealThread_RTOS/drv/MPL/mllite/data_builder.c.obj
                0x08008174                inv_get_accel_set
 .text.inv_get_gyro
                0x080081ac       0x18 CMakeFiles/l4.elf.dir/Middlewares/Third_Party/RealThread_RTOS/drv/MPL/mllite/data_builder.c.obj
                0x080081ac                inv_get_gyro
 .text.inv_get_gyro_accuracy
                0x080081c4        0xc CMakeFiles/l4.elf.dir/Middlewares/Third_Party/RealThread_RTOS/drv/MPL/mllite/data_builder.c.obj
                0x080081c4                inv_get_gyro_accuracy
 .text.inv_get_mag_accuracy
                0x080081d0       0x1c CMakeFiles/l4.elf.dir/Middlewares/Third_Party/RealThread_RTOS/drv/MPL/mllite/data_builder.c.obj
                0x080081d0                inv_get_mag_accuracy
 .text.inv_get_accel_accuracy
                0x080081ec        0xc CMakeFiles/l4.elf.dir/Middlewares/Third_Party/RealThread_RTOS/drv/MPL/mllite/data_builder.c.obj
                0x080081ec                inv_get_accel_accuracy
 .text.inv_disable_compass_soft_iron_matrix
                0x080081f8       0x10 CMakeFiles/l4.elf.dir/Middlewares/Third_Party/RealThread_RTOS/drv/MPL/mllite/data_builder.c.obj
                0x080081f8                inv_disable_compass_soft_iron_matrix
 .text.inv_reset_compass_soft_iron_matrix
                0x08008208       0x5c CMakeFiles/l4.elf.dir/Middlewares/Third_Party/RealThread_RTOS/drv/MPL/mllite/data_builder.c.obj
                0x08008208                inv_reset_compass_soft_iron_matrix
 .text.inv_init_data_builder
                0x08008264       0x40 CMakeFiles/l4.elf.dir/Middlewares/Third_Party/RealThread_RTOS/drv/MPL/mllite/data_builder.c.obj
                0x08008264                inv_init_data_builder
 .text.inv_set_message
                0x080082a4       0x18 CMakeFiles/l4.elf.dir/Middlewares/Third_Party/RealThread_RTOS/drv/MPL/mllite/message_layer.c.obj
                0x080082a4                inv_set_message
 .text.inv_row_2_scale
                0x080082bc       0x3a CMakeFiles/l4.elf.dir/Middlewares/Third_Party/RealThread_RTOS/drv/MPL/mllite/ml_math_func.c.obj
 .text.inv_get_gyro_sum_of_sqr
                0x080082f6       0x1a CMakeFiles/l4.elf.dir/Middlewares/Third_Party/RealThread_RTOS/drv/MPL/mllite/ml_math_func.c.obj
                0x080082f6                inv_get_gyro_sum_of_sqr
 .text.inv_q29_mult
                0x08008310       0x1a CMakeFiles/l4.elf.dir/Middlewares/Third_Party/RealThread_RTOS/drv/MPL/mllite/ml_math_func.c.obj
                0x08008310                inv_q29_mult
 .text.inv_q30_mult
                0x0800832a       0x1a CMakeFiles/l4.elf.dir/Middlewares/Third_Party/RealThread_RTOS/drv/MPL/mllite/ml_math_func.c.obj
                0x0800832a                inv_q30_mult
 .text.inv_q_mult
                0x08008344       0xb2 CMakeFiles/l4.elf.dir/Middlewares/Third_Party/RealThread_RTOS/drv/MPL/mllite/ml_math_func.c.obj
                0x08008344                inv_q_mult
 .text.inv_q_add
                0x080083f6       0x28 CMakeFiles/l4.elf.dir/Middlewares/Third_Party/RealThread_RTOS/drv/MPL/mllite/ml_math_func.c.obj
                0x080083f6                inv_q_add
 .text.inv_q_invert
                0x0800841e       0x18 CMakeFiles/l4.elf.dir/Middlewares/Third_Party/RealThread_RTOS/drv/MPL/mllite/ml_math_func.c.obj
                0x0800841e                inv_q_invert
 .text.inv_compass_angle
                0x08008436       0xbc CMakeFiles/l4.elf.dir/Middlewares/Third_Party/RealThread_RTOS/drv/MPL/mllite/ml_math_func.c.obj
                0x08008436                inv_compass_angle
 .text.inv_q_rotate
                0x080084f2       0x44 CMakeFiles/l4.elf.dir/Middlewares/Third_Party/RealThread_RTOS/drv/MPL/mllite/ml_math_func.c.obj
                0x080084f2                inv_q_rotate
 .text.inv_q_multf
                0x08008536      0x10a CMakeFiles/l4.elf.dir/Middlewares/Third_Party/RealThread_RTOS/drv/MPL/mllite/ml_math_func.c.obj
                0x08008536                inv_q_multf
 .text.inv_q_addf
                0x08008640       0x32 CMakeFiles/l4.elf.dir/Middlewares/Third_Party/RealThread_RTOS/drv/MPL/mllite/ml_math_func.c.obj
                0x08008640                inv_q_addf
 .text.inv_q_normalizef
                0x08008672      0x126 CMakeFiles/l4.elf.dir/Middlewares/Third_Party/RealThread_RTOS/drv/MPL/mllite/ml_math_func.c.obj
                0x08008672                inv_q_normalizef
 .text.inv_q_norm4
                0x08008798       0x8a CMakeFiles/l4.elf.dir/Middlewares/Third_Party/RealThread_RTOS/drv/MPL/mllite/ml_math_func.c.obj
                0x08008798                inv_q_norm4
 .text.inv_q_invertf
                0x08008822       0x1e CMakeFiles/l4.elf.dir/Middlewares/Third_Party/RealThread_RTOS/drv/MPL/mllite/ml_math_func.c.obj
                0x08008822                inv_q_invertf
 .text.inv_quaternion_to_rotation
                0x08008840       0xda CMakeFiles/l4.elf.dir/Middlewares/Third_Party/RealThread_RTOS/drv/MPL/mllite/ml_math_func.c.obj
                0x08008840                inv_quaternion_to_rotation
 .text.inv_orientation_matrix_to_scalar
                0x0800891a       0x24 CMakeFiles/l4.elf.dir/Middlewares/Third_Party/RealThread_RTOS/drv/MPL/mllite/ml_math_func.c.obj
                0x0800891a                inv_orientation_matrix_to_scalar
 .text.inv_convert_to_body_with_scale
                0x0800893e       0x72 CMakeFiles/l4.elf.dir/Middlewares/Third_Party/RealThread_RTOS/drv/MPL/mllite/ml_math_func.c.obj
                0x0800893e                inv_convert_to_body_with_scale
 .text.inv_init_mpl
                0x080089b0       0x8c CMakeFiles/l4.elf.dir/Middlewares/Third_Party/RealThread_RTOS/drv/MPL/mllite/mpl.c.obj
                0x080089b0                inv_init_mpl
 .text.inv_start_mpl
                0x08008a3c       0x3c CMakeFiles/l4.elf.dir/Middlewares/Third_Party/RealThread_RTOS/drv/MPL/mllite/mpl.c.obj
                0x08008a3c                inv_start_mpl
 .text.inv_generate_results
                0x08008a78       0x10 CMakeFiles/l4.elf.dir/Middlewares/Third_Party/RealThread_RTOS/drv/MPL/mllite/results_holder.c.obj
                0x08008a78                inv_generate_results
 .text.inv_start_results_holder
                0x08008a88       0x18 CMakeFiles/l4.elf.dir/Middlewares/Third_Party/RealThread_RTOS/drv/MPL/mllite/results_holder.c.obj
                0x08008a88                inv_start_results_holder
 .text.inv_store_gaming_quaternion
                0x08008aa0       0x2c CMakeFiles/l4.elf.dir/Middlewares/Third_Party/RealThread_RTOS/drv/MPL/mllite/results_holder.c.obj
                0x08008aa0                inv_store_gaming_quaternion
 .text.inv_set_compass_correction
                0x08008acc       0x2c CMakeFiles/l4.elf.dir/Middlewares/Third_Party/RealThread_RTOS/drv/MPL/mllite/results_holder.c.obj
                0x08008acc                inv_set_compass_correction
 .text.inv_get_compass_correction
                0x08008af8       0x2c CMakeFiles/l4.elf.dir/Middlewares/Third_Party/RealThread_RTOS/drv/MPL/mllite/results_holder.c.obj
                0x08008af8                inv_get_compass_correction
 .text.inv_get_acc_state
                0x08008b24        0xc CMakeFiles/l4.elf.dir/Middlewares/Third_Party/RealThread_RTOS/drv/MPL/mllite/results_holder.c.obj
                0x08008b24                inv_get_acc_state
 .text.inv_get_motion_state
                0x08008b30       0x10 CMakeFiles/l4.elf.dir/Middlewares/Third_Party/RealThread_RTOS/drv/MPL/mllite/results_holder.c.obj
                0x08008b30                inv_get_motion_state
 .text.inv_set_motion_state
                0x08008b40       0x40 CMakeFiles/l4.elf.dir/Middlewares/Third_Party/RealThread_RTOS/drv/MPL/mllite/results_holder.c.obj
                0x08008b40                inv_set_motion_state
 .text.inv_get_local_field
                0x08008b80       0x18 CMakeFiles/l4.elf.dir/Middlewares/Third_Party/RealThread_RTOS/drv/MPL/mllite/results_holder.c.obj
                0x08008b80                inv_get_local_field
 .text.inv_get_gravity
                0x08008b98       0x54 CMakeFiles/l4.elf.dir/Middlewares/Third_Party/RealThread_RTOS/drv/MPL/mllite/results_holder.c.obj
                0x08008b98                inv_get_gravity
 .text.inv_get_6axis_quaternion
                0x08008bec       0x24 CMakeFiles/l4.elf.dir/Middlewares/Third_Party/RealThread_RTOS/drv/MPL/mllite/results_holder.c.obj
                0x08008bec                inv_get_6axis_quaternion
 .text.inv_get_quaternion
                0x08008c10       0x3c CMakeFiles/l4.elf.dir/Middlewares/Third_Party/RealThread_RTOS/drv/MPL/mllite/results_holder.c.obj
                0x08008c10                inv_get_quaternion
 .text.inv_get_quaternion_set
                0x08008c4c       0x40 CMakeFiles/l4.elf.dir/Middlewares/Third_Party/RealThread_RTOS/drv/MPL/mllite/results_holder.c.obj
                0x08008c4c                inv_get_quaternion_set
 .text.inv_init_results_holder
                0x08008c8c       0x30 CMakeFiles/l4.elf.dir/Middlewares/Third_Party/RealThread_RTOS/drv/MPL/mllite/results_holder.c.obj
                0x08008c8c                inv_init_results_holder
 .text.inv_enable_results_holder
                0x08008cbc       0x18 CMakeFiles/l4.elf.dir/Middlewares/Third_Party/RealThread_RTOS/drv/MPL/mllite/results_holder.c.obj
                0x08008cbc                inv_enable_results_holder
 .text.inv_got_compass_bias
                0x08008cd4        0xc CMakeFiles/l4.elf.dir/Middlewares/Third_Party/RealThread_RTOS/drv/MPL/mllite/results_holder.c.obj
                0x08008cd4                inv_got_compass_bias
 .text.inv_set_compass_bias_found
                0x08008ce0        0xc CMakeFiles/l4.elf.dir/Middlewares/Third_Party/RealThread_RTOS/drv/MPL/mllite/results_holder.c.obj
                0x08008ce0                inv_set_compass_bias_found
 .text.inv_get_linear_accel
                0x08008cec       0x3e CMakeFiles/l4.elf.dir/Middlewares/Third_Party/RealThread_RTOS/drv/MPL/mllite/results_holder.c.obj
                0x08008cec                inv_get_linear_accel
 *fill*         0x08008d2a        0x2 
 .text.inv_init_start_manager
                0x08008d2c       0x14 CMakeFiles/l4.elf.dir/Middlewares/Third_Party/RealThread_RTOS/drv/MPL/mllite/start_manager.c.obj
                0x08008d2c                inv_init_start_manager
 .text.inv_unregister_mpl_start_notification
                0x08008d40       0x58 CMakeFiles/l4.elf.dir/Middlewares/Third_Party/RealThread_RTOS/drv/MPL/mllite/start_manager.c.obj
                0x08008d40                inv_unregister_mpl_start_notification
 .text.inv_register_mpl_start_notification
                0x08008d98       0x20 CMakeFiles/l4.elf.dir/Middlewares/Third_Party/RealThread_RTOS/drv/MPL/mllite/start_manager.c.obj
                0x08008d98                inv_register_mpl_start_notification
 .text.inv_execute_mpl_start_notification
                0x08008db8       0x30 CMakeFiles/l4.elf.dir/Middlewares/Third_Party/RealThread_RTOS/drv/MPL/mllite/start_manager.c.obj
                0x08008db8                inv_execute_mpl_start_notification
 .text.inv_init_storage_manager
                0x08008de8       0x1c CMakeFiles/l4.elf.dir/Middlewares/Third_Party/RealThread_RTOS/drv/MPL/mllite/storage_manager.c.obj
                0x08008de8                inv_init_storage_manager
 .text.inv_register_load_store
                0x08008e04       0x68 CMakeFiles/l4.elf.dir/Middlewares/Third_Party/RealThread_RTOS/drv/MPL/mllite/storage_manager.c.obj
                0x08008e04                inv_register_load_store
 .text.delay_init
                0x08008e6c       0x14 CMakeFiles/l4.elf.dir/Middlewares/Third_Party/RealThread_RTOS/drv/delay.c.obj
                0x08008e6c                delay_init
 .text.delay_us
                0x08008e80       0x3c CMakeFiles/l4.elf.dir/Middlewares/Third_Party/RealThread_RTOS/drv/delay.c.obj
                0x08008e80                delay_us
 .text.delay_ms
                0x08008ebc       0x18 CMakeFiles/l4.elf.dir/Middlewares/Third_Party/RealThread_RTOS/drv/delay.c.obj
                0x08008ebc                delay_ms
 .text.MPU_Write_Len
                0x08008ed4       0x62 CMakeFiles/l4.elf.dir/Middlewares/Third_Party/RealThread_RTOS/drv/icm20608.c.obj
                0x08008ed4                MPU_Write_Len
 .text.MPU_Read_Len
                0x08008f36       0x6c CMakeFiles/l4.elf.dir/Middlewares/Third_Party/RealThread_RTOS/drv/icm20608.c.obj
                0x08008f36                MPU_Read_Len
 *fill*         0x08008fa2        0x6 
 .text.MPU_Get_Temperature
                0x08008fa8       0x60 CMakeFiles/l4.elf.dir/Middlewares/Third_Party/RealThread_RTOS/drv/icm20608.c.obj
                0x08008fa8                MPU_Get_Temperature
 .text.MPU_Get_Gyroscope
                0x08009008       0x46 CMakeFiles/l4.elf.dir/Middlewares/Third_Party/RealThread_RTOS/drv/icm20608.c.obj
                0x08009008                MPU_Get_Gyroscope
 .text.MPU_Get_Accelerometer
                0x0800904e       0x46 CMakeFiles/l4.elf.dir/Middlewares/Third_Party/RealThread_RTOS/drv/icm20608.c.obj
                0x0800904e                MPU_Get_Accelerometer
 .text.MPU_Write_Byte
                0x08009094       0x46 CMakeFiles/l4.elf.dir/Middlewares/Third_Party/RealThread_RTOS/drv/icm20608.c.obj
                0x08009094                MPU_Write_Byte
 .text.MPU_Set_Gyro_Fsr
                0x080090da       0x10 CMakeFiles/l4.elf.dir/Middlewares/Third_Party/RealThread_RTOS/drv/icm20608.c.obj
                0x080090da                MPU_Set_Gyro_Fsr
 .text.MPU_Set_Accel_Fsr
                0x080090ea       0x10 CMakeFiles/l4.elf.dir/Middlewares/Third_Party/RealThread_RTOS/drv/icm20608.c.obj
                0x080090ea                MPU_Set_Accel_Fsr
 .text.MPU_Set_LPF
                0x080090fa       0x34 CMakeFiles/l4.elf.dir/Middlewares/Third_Party/RealThread_RTOS/drv/icm20608.c.obj
                0x080090fa                MPU_Set_LPF
 .text.MPU_Set_Rate
                0x0800912e       0x32 CMakeFiles/l4.elf.dir/Middlewares/Third_Party/RealThread_RTOS/drv/icm20608.c.obj
                0x0800912e                MPU_Set_Rate
 .text.MPU_Read_Byte
                0x08009160       0x3a CMakeFiles/l4.elf.dir/Middlewares/Third_Party/RealThread_RTOS/drv/icm20608.c.obj
                0x08009160                MPU_Read_Byte
 .text.ICM20608_Init
                0x0800919a       0x7e CMakeFiles/l4.elf.dir/Middlewares/Third_Party/RealThread_RTOS/drv/icm20608.c.obj
                0x0800919a                ICM20608_Init
 .text.LCD_Pow  0x08009218       0x16 CMakeFiles/l4.elf.dir/Middlewares/Third_Party/RealThread_RTOS/drv/lcd.c.obj
 .text.LCD_SPI_Send
                0x0800922e        0x8 CMakeFiles/l4.elf.dir/Middlewares/Third_Party/RealThread_RTOS/drv/lcd.c.obj
 *fill*         0x08009236        0x2 
 .text.LCD_Write_Data
                0x08009238       0x28 CMakeFiles/l4.elf.dir/Middlewares/Third_Party/RealThread_RTOS/drv/lcd.c.obj
 .text.LCD_Write_Cmd
                0x08009260       0x28 CMakeFiles/l4.elf.dir/Middlewares/Third_Party/RealThread_RTOS/drv/lcd.c.obj
 .text.LCD_Gpio_Init
                0x08009288       0xa8 CMakeFiles/l4.elf.dir/Middlewares/Third_Party/RealThread_RTOS/drv/lcd.c.obj
 .text.LCD_Write_HalfWord
                0x08009330       0x30 CMakeFiles/l4.elf.dir/Middlewares/Third_Party/RealThread_RTOS/drv/lcd.c.obj
                0x08009330                LCD_Write_HalfWord
 .text.LCD_Address_Set
                0x08009360       0x4e CMakeFiles/l4.elf.dir/Middlewares/Third_Party/RealThread_RTOS/drv/lcd.c.obj
                0x08009360                LCD_Address_Set
 *fill*         0x080093ae        0x2 
 .text.LCD_Clear
                0x080093b0       0x68 CMakeFiles/l4.elf.dir/Middlewares/Third_Party/RealThread_RTOS/drv/lcd.c.obj
                0x080093b0                LCD_Clear
 .text.LCD_Fill
                0x08009418       0x74 CMakeFiles/l4.elf.dir/Middlewares/Third_Party/RealThread_RTOS/drv/lcd.c.obj
                0x08009418                LCD_Fill
 .text.LCD_ShowChar
                0x0800948c      0x160 CMakeFiles/l4.elf.dir/Middlewares/Third_Party/RealThread_RTOS/drv/lcd.c.obj
                0x0800948c                LCD_ShowChar
 .text.LCD_ShowNum
                0x080095ec       0x88 CMakeFiles/l4.elf.dir/Middlewares/Third_Party/RealThread_RTOS/drv/lcd.c.obj
                0x080095ec                LCD_ShowNum
 .text.LCD_ShowString
                0x08009674       0x52 CMakeFiles/l4.elf.dir/Middlewares/Third_Party/RealThread_RTOS/drv/lcd.c.obj
                0x08009674                LCD_ShowString
 *fill*         0x080096c6        0x2 
 .text.LCD_Init
                0x080096c8      0x1a0 CMakeFiles/l4.elf.dir/Middlewares/Third_Party/RealThread_RTOS/drv/lcd.c.obj
                0x080096c8                LCD_Init
 .text.IIC_Init
                0x08009868       0x50 CMakeFiles/l4.elf.dir/Middlewares/Third_Party/RealThread_RTOS/drv/myiic.c.obj
                0x08009868                IIC_Init
 .text.IIC_Start
                0x080098b8       0x50 CMakeFiles/l4.elf.dir/Middlewares/Third_Party/RealThread_RTOS/drv/myiic.c.obj
                0x080098b8                IIC_Start
 .text.IIC_Stop
                0x08009908       0x50 CMakeFiles/l4.elf.dir/Middlewares/Third_Party/RealThread_RTOS/drv/myiic.c.obj
                0x08009908                IIC_Stop
 .text.IIC_Wait_Ack
                0x08009958       0x60 CMakeFiles/l4.elf.dir/Middlewares/Third_Party/RealThread_RTOS/drv/myiic.c.obj
                0x08009958                IIC_Wait_Ack
 .text.IIC_Ack  0x080099b8       0x50 CMakeFiles/l4.elf.dir/Middlewares/Third_Party/RealThread_RTOS/drv/myiic.c.obj
                0x080099b8                IIC_Ack
 .text.IIC_NAck
                0x08009a08       0x50 CMakeFiles/l4.elf.dir/Middlewares/Third_Party/RealThread_RTOS/drv/myiic.c.obj
                0x08009a08                IIC_NAck
 .text.IIC_Send_Byte
                0x08009a58       0x74 CMakeFiles/l4.elf.dir/Middlewares/Third_Party/RealThread_RTOS/drv/myiic.c.obj
                0x08009a58                IIC_Send_Byte
 .text.IIC_Read_Byte
                0x08009acc       0x6c CMakeFiles/l4.elf.dir/Middlewares/Third_Party/RealThread_RTOS/drv/myiic.c.obj
                0x08009acc                IIC_Read_Byte
 .text.SPI3_Init
                0x08009b38       0x4c CMakeFiles/l4.elf.dir/Middlewares/Third_Party/RealThread_RTOS/drv/spi3.c.obj
                0x08009b38                SPI3_Init
 .text.HAL_SPI_MspInit
                0x08009b84       0x54 CMakeFiles/l4.elf.dir/Middlewares/Third_Party/RealThread_RTOS/drv/spi3.c.obj
                0x08009b84                HAL_SPI_MspInit
 .text.SPI3_WriteByte
                0x08009bd8       0x18 CMakeFiles/l4.elf.dir/Middlewares/Third_Party/RealThread_RTOS/drv/spi3.c.obj
                0x08009bd8                SPI3_WriteByte
 .text.rt_hw_stack_init
                0x08009bf0       0x4c CMakeFiles/l4.elf.dir/Middlewares/Third_Party/RealThread_RTOS/libcpu/arm/cortex-m4/cpuport.c.obj
                0x08009bf0                rt_hw_stack_init
 .text.rt_hw_hard_fault_exception
                0x08009c3c      0x114 CMakeFiles/l4.elf.dir/Middlewares/Third_Party/RealThread_RTOS/libcpu/arm/cortex-m4/cpuport.c.obj
                0x08009c3c                rt_hw_hard_fault_exception
 .text.MX_GPIO_Init
                0x08009d50       0xe0 CMakeFiles/l4.elf.dir/Middlewares/Third_Party/RealThread_RTOS/src/board.c.obj
 .text.SysTick_Handler
                0x08009e30       0x10 CMakeFiles/l4.elf.dir/Middlewares/Third_Party/RealThread_RTOS/src/board.c.obj
                0x08009e30                SysTick_Handler
 .text.rt_hw_console_output
                0x08009e40       0x50 CMakeFiles/l4.elf.dir/Middlewares/Third_Party/RealThread_RTOS/src/board.c.obj
                0x08009e40                rt_hw_console_output
 .text.Error_Handler
                0x08009e90        0x4 CMakeFiles/l4.elf.dir/Middlewares/Third_Party/RealThread_RTOS/src/board.c.obj
                0x08009e90                Error_Handler
 .text.MX_USART1_UART_Init
                0x08009e94       0x38 CMakeFiles/l4.elf.dir/Middlewares/Third_Party/RealThread_RTOS/src/board.c.obj
 .text.SystemClock_Config
                0x08009ecc       0x92 CMakeFiles/l4.elf.dir/Middlewares/Third_Party/RealThread_RTOS/src/board.c.obj
                0x08009ecc                SystemClock_Config
 *fill*         0x08009f5e        0x2 
 .text.rt_hw_board_init
                0x08009f60       0x30 CMakeFiles/l4.elf.dir/Middlewares/Third_Party/RealThread_RTOS/src/board.c.obj
                0x08009f60                rt_hw_board_init
 .text.main     0x08009f90      0x360 CMakeFiles/l4.elf.dir/Middlewares/Third_Party/RealThread_RTOS/src/board.c.obj
                0x08009f90                main
 .text.rt_tick_get
                0x0800a2f0        0xc CMakeFiles/l4.elf.dir/Middlewares/Third_Party/RealThread_RTOS/src/clock.c.obj
                0x0800a2f0                rt_tick_get
 .text.rt_tick_increase
                0x0800a2fc       0x2c CMakeFiles/l4.elf.dir/Middlewares/Third_Party/RealThread_RTOS/src/clock.c.obj
                0x0800a2fc                rt_tick_increase
 .text.rt_tick_from_millisecond
                0x0800a328       0x3c CMakeFiles/l4.elf.dir/Middlewares/Third_Party/RealThread_RTOS/src/clock.c.obj
                0x0800a328                rt_tick_from_millisecond
 .text.rti_board_start
                0x0800a364        0x4 CMakeFiles/l4.elf.dir/Middlewares/Third_Party/RealThread_RTOS/src/components.c.obj
 .text.rti_board_end
                0x0800a368        0x4 CMakeFiles/l4.elf.dir/Middlewares/Third_Party/RealThread_RTOS/src/components.c.obj
 .text.rti_end  0x0800a36c        0x4 CMakeFiles/l4.elf.dir/Middlewares/Third_Party/RealThread_RTOS/src/components.c.obj
 .text.rt_components_board_init
                0x0800a370       0x1c CMakeFiles/l4.elf.dir/Middlewares/Third_Party/RealThread_RTOS/src/components.c.obj
                0x0800a370                rt_components_board_init
 .text.rt_components_init
                0x0800a38c       0x1c CMakeFiles/l4.elf.dir/Middlewares/Third_Party/RealThread_RTOS/src/components.c.obj
                0x0800a38c                rt_components_init
 .text.main_thread_entry
                0x0800a3a8        0xc CMakeFiles/l4.elf.dir/Middlewares/Third_Party/RealThread_RTOS/src/components.c.obj
                0x0800a3a8                main_thread_entry
 .text.rt_application_init
                0x0800a3b4       0x40 CMakeFiles/l4.elf.dir/Middlewares/Third_Party/RealThread_RTOS/src/components.c.obj
                0x0800a3b4                rt_application_init
 .text.rtthread_startup
                0x0800a3f4       0x2a CMakeFiles/l4.elf.dir/Middlewares/Third_Party/RealThread_RTOS/src/components.c.obj
                0x0800a3f4                rtthread_startup
 .text.entry    0x0800a41e        0xa CMakeFiles/l4.elf.dir/Middlewares/Third_Party/RealThread_RTOS/src/components.c.obj
                0x0800a41e                entry
 .text.rt_thread_idle_entry
                0x0800a428        0x2 CMakeFiles/l4.elf.dir/Middlewares/Third_Party/RealThread_RTOS/src/idle.c.obj
 *fill*         0x0800a42a        0x2 
 .text.rt_thread_idle_init
                0x0800a42c       0x3c CMakeFiles/l4.elf.dir/Middlewares/Third_Party/RealThread_RTOS/src/idle.c.obj
                0x0800a42c                rt_thread_idle_init
 .text.rt_interrupt_enter
                0x0800a468       0x1c CMakeFiles/l4.elf.dir/Middlewares/Third_Party/RealThread_RTOS/src/irq.c.obj
                0x0800a468                rt_interrupt_enter
 .text.rt_interrupt_leave
                0x0800a484       0x1c CMakeFiles/l4.elf.dir/Middlewares/Third_Party/RealThread_RTOS/src/irq.c.obj
                0x0800a484                rt_interrupt_leave
 .text.rt_interrupt_get_nest
                0x0800a4a0       0x18 CMakeFiles/l4.elf.dir/Middlewares/Third_Party/RealThread_RTOS/src/irq.c.obj
                0x0800a4a0                rt_interrupt_get_nest
 .text.print_number
                0x0800a4b8      0x16c CMakeFiles/l4.elf.dir/Middlewares/Third_Party/RealThread_RTOS/src/kservice.c.obj
 .text.rt_set_errno
                0x0800a624       0x24 CMakeFiles/l4.elf.dir/Middlewares/Third_Party/RealThread_RTOS/src/kservice.c.obj
                0x0800a624                rt_set_errno
 .text.rt_memset
                0x0800a648       0x62 CMakeFiles/l4.elf.dir/Middlewares/Third_Party/RealThread_RTOS/src/kservice.c.obj
                0x0800a648                rt_memset
 .text.rt_strncpy
                0x0800a6aa       0x2c CMakeFiles/l4.elf.dir/Middlewares/Third_Party/RealThread_RTOS/src/kservice.c.obj
                0x0800a6aa                rt_strncpy
 .text.rt_strlen
                0x0800a6d6       0x10 CMakeFiles/l4.elf.dir/Middlewares/Third_Party/RealThread_RTOS/src/kservice.c.obj
                0x0800a6d6                rt_strlen
 *fill*         0x0800a6e6        0x2 
 .text.rt_vsnprintf
                0x0800a6e8      0x2f8 CMakeFiles/l4.elf.dir/Middlewares/Third_Party/RealThread_RTOS/src/kservice.c.obj
                0x0800a6e8                rt_vsnprintf
 .text.rt_kprintf
                0x0800a9e0       0x54 CMakeFiles/l4.elf.dir/Middlewares/Third_Party/RealThread_RTOS/src/kservice.c.obj
                0x0800a9e0                rt_kprintf
 .text.rt_show_version
                0x0800aa34       0x40 CMakeFiles/l4.elf.dir/Middlewares/Third_Party/RealThread_RTOS/src/kservice.c.obj
                0x0800aa34                rt_show_version
 .text.__rt_ffs
                0x0800aa74       0x44 CMakeFiles/l4.elf.dir/Middlewares/Third_Party/RealThread_RTOS/src/kservice.c.obj
                0x0800aa74                __rt_ffs
 .text.rt_object_get_information
                0x0800aab8       0x24 CMakeFiles/l4.elf.dir/Middlewares/Third_Party/RealThread_RTOS/src/object.c.obj
                0x0800aab8                rt_object_get_information
 .text.rt_object_init
                0x0800aadc       0x52 CMakeFiles/l4.elf.dir/Middlewares/Third_Party/RealThread_RTOS/src/object.c.obj
                0x0800aadc                rt_object_init
 .text.rt_object_detach
                0x0800ab2e       0x24 CMakeFiles/l4.elf.dir/Middlewares/Third_Party/RealThread_RTOS/src/object.c.obj
                0x0800ab2e                rt_object_detach
 .text.rt_object_is_systemobject
                0x0800ab52       0x10 CMakeFiles/l4.elf.dir/Middlewares/Third_Party/RealThread_RTOS/src/object.c.obj
                0x0800ab52                rt_object_is_systemobject
 *fill*         0x0800ab62        0x2 
 .text.rt_system_scheduler_init
                0x0800ab64       0x4c CMakeFiles/l4.elf.dir/Middlewares/Third_Party/RealThread_RTOS/src/scheduler.c.obj
                0x0800ab64                rt_system_scheduler_init
 .text.rt_system_scheduler_start
                0x0800abb0       0x30 CMakeFiles/l4.elf.dir/Middlewares/Third_Party/RealThread_RTOS/src/scheduler.c.obj
                0x0800abb0                rt_system_scheduler_start
 .text.rt_schedule
                0x0800abe0       0x74 CMakeFiles/l4.elf.dir/Middlewares/Third_Party/RealThread_RTOS/src/scheduler.c.obj
                0x0800abe0                rt_schedule
 .text.rt_schedule_insert_thread
                0x0800ac54       0x4c CMakeFiles/l4.elf.dir/Middlewares/Third_Party/RealThread_RTOS/src/scheduler.c.obj
                0x0800ac54                rt_schedule_insert_thread
 .text.rt_schedule_remove_thread
                0x0800aca0       0x48 CMakeFiles/l4.elf.dir/Middlewares/Third_Party/RealThread_RTOS/src/scheduler.c.obj
                0x0800aca0                rt_schedule_remove_thread
 .text.rt_enter_critical
                0x0800ace8       0x18 CMakeFiles/l4.elf.dir/Middlewares/Third_Party/RealThread_RTOS/src/scheduler.c.obj
                0x0800ace8                rt_enter_critical
 .text.rt_exit_critical
                0x0800ad00       0x3c CMakeFiles/l4.elf.dir/Middlewares/Third_Party/RealThread_RTOS/src/scheduler.c.obj
                0x0800ad00                rt_exit_critical
 .text._thread_cleanup_execute
                0x0800ad3c       0x1a CMakeFiles/l4.elf.dir/Middlewares/Third_Party/RealThread_RTOS/src/thread.c.obj
 *fill*         0x0800ad56        0x2 
 .text.rt_thread_exit
                0x0800ad58       0x5c CMakeFiles/l4.elf.dir/Middlewares/Third_Party/RealThread_RTOS/src/thread.c.obj
                0x0800ad58                rt_thread_exit
 .text._rt_thread_init
                0x0800adb4       0x78 CMakeFiles/l4.elf.dir/Middlewares/Third_Party/RealThread_RTOS/src/thread.c.obj
 .text.rt_thread_timeout
                0x0800ae2c       0x2c CMakeFiles/l4.elf.dir/Middlewares/Third_Party/RealThread_RTOS/src/thread.c.obj
                0x0800ae2c                rt_thread_timeout
 .text.rt_thread_init
                0x0800ae58       0x36 CMakeFiles/l4.elf.dir/Middlewares/Third_Party/RealThread_RTOS/src/thread.c.obj
                0x0800ae58                rt_thread_init
 *fill*         0x0800ae8e        0x2 
 .text.rt_thread_self
                0x0800ae90        0xc CMakeFiles/l4.elf.dir/Middlewares/Third_Party/RealThread_RTOS/src/thread.c.obj
                0x0800ae90                rt_thread_self
 .text.rt_thread_yield
                0x0800ae9c       0x5c CMakeFiles/l4.elf.dir/Middlewares/Third_Party/RealThread_RTOS/src/thread.c.obj
                0x0800ae9c                rt_thread_yield
 .text.rt_thread_suspend
                0x0800aef8       0x44 CMakeFiles/l4.elf.dir/Middlewares/Third_Party/RealThread_RTOS/src/thread.c.obj
                0x0800aef8                rt_thread_suspend
 .text.rt_thread_sleep
                0x0800af3c       0x4c CMakeFiles/l4.elf.dir/Middlewares/Third_Party/RealThread_RTOS/src/thread.c.obj
                0x0800af3c                rt_thread_sleep
 .text.rt_thread_mdelay
                0x0800af88        0xc CMakeFiles/l4.elf.dir/Middlewares/Third_Party/RealThread_RTOS/src/thread.c.obj
                0x0800af88                rt_thread_mdelay
 .text.rt_thread_resume
                0x0800af94       0x46 CMakeFiles/l4.elf.dir/Middlewares/Third_Party/RealThread_RTOS/src/thread.c.obj
                0x0800af94                rt_thread_resume
 .text.rt_thread_startup
                0x0800afda       0x28 CMakeFiles/l4.elf.dir/Middlewares/Third_Party/RealThread_RTOS/src/thread.c.obj
                0x0800afda                rt_thread_startup
 .text._rt_timer_init
                0x0800b002       0x32 CMakeFiles/l4.elf.dir/Middlewares/Third_Party/RealThread_RTOS/src/timer.c.obj
 .text.rt_timer_init
                0x0800b034       0x28 CMakeFiles/l4.elf.dir/Middlewares/Third_Party/RealThread_RTOS/src/timer.c.obj
                0x0800b034                rt_timer_init
 .text.rt_timer_detach
                0x0800b05c       0x46 CMakeFiles/l4.elf.dir/Middlewares/Third_Party/RealThread_RTOS/src/timer.c.obj
                0x0800b05c                rt_timer_detach
 *fill*         0x0800b0a2        0x2 
 .text.rt_timer_start
                0x0800b0a4       0xb8 CMakeFiles/l4.elf.dir/Middlewares/Third_Party/RealThread_RTOS/src/timer.c.obj
                0x0800b0a4                rt_timer_start
 .text.rt_timer_stop
                0x0800b15c       0x4e CMakeFiles/l4.elf.dir/Middlewares/Third_Party/RealThread_RTOS/src/timer.c.obj
                0x0800b15c                rt_timer_stop
 .text.rt_timer_control
                0x0800b1aa       0x54 CMakeFiles/l4.elf.dir/Middlewares/Third_Party/RealThread_RTOS/src/timer.c.obj
                0x0800b1aa                rt_timer_control
 *fill*         0x0800b1fe        0x2 
 .text.rt_timer_check
                0x0800b200       0xc0 CMakeFiles/l4.elf.dir/Middlewares/Third_Party/RealThread_RTOS/src/timer.c.obj
                0x0800b200                rt_timer_check
 .text.rt_system_timer_init
                0x0800b2c0       0x1c CMakeFiles/l4.elf.dir/Middlewares/Third_Party/RealThread_RTOS/src/timer.c.obj
                0x0800b2c0                rt_system_timer_init
 .text.rt_system_timer_thread_init
                0x0800b2dc        0x2 CMakeFiles/l4.elf.dir/Middlewares/Third_Party/RealThread_RTOS/src/timer.c.obj
                0x0800b2dc                rt_system_timer_thread_init
 *fill*         0x0800b2de        0x2 
 .text.__errno  0x0800b2e0        0xc e:/soft/gcc-arm-none-eabi-10.3-2021.10/bin/../lib/gcc/arm-none-eabi/10.3.1/../../../../arm-none-eabi/lib/thumb/v7e-m/nofp\libc.a(lib_a-errno.o)
                0x0800b2e0                __errno
 .text.fputc    0x0800b2ec       0x58 e:/soft/gcc-arm-none-eabi-10.3-2021.10/bin/../lib/gcc/arm-none-eabi/10.3.1/../../../../arm-none-eabi/lib/thumb/v7e-m/nofp\libc.a(lib_a-fputc.o)
                0x0800b2ec                fputc
 .text.__libc_init_array
                0x0800b344       0x48 e:/soft/gcc-arm-none-eabi-10.3-2021.10/bin/../lib/gcc/arm-none-eabi/10.3.1/../../../../arm-none-eabi/lib/thumb/v7e-m/nofp\libc.a(lib_a-init.o)
                0x0800b344                __libc_init_array
 .text.__retarget_lock_init_recursive
                0x0800b38c        0x4 e:/soft/gcc-arm-none-eabi-10.3-2021.10/bin/../lib/gcc/arm-none-eabi/10.3.1/../../../../arm-none-eabi/lib/thumb/v7e-m/nofp\libc.a(lib_a-lock.o)
                0x0800b38c                __retarget_lock_init_recursive
 .text.__retarget_lock_close_recursive
                0x0800b390        0x4 e:/soft/gcc-arm-none-eabi-10.3-2021.10/bin/../lib/gcc/arm-none-eabi/10.3.1/../../../../arm-none-eabi/lib/thumb/v7e-m/nofp\libc.a(lib_a-lock.o)
                0x0800b390                __retarget_lock_close_recursive
 .text.__retarget_lock_acquire_recursive
                0x0800b394        0x4 e:/soft/gcc-arm-none-eabi-10.3-2021.10/bin/../lib/gcc/arm-none-eabi/10.3.1/../../../../arm-none-eabi/lib/thumb/v7e-m/nofp\libc.a(lib_a-lock.o)
                0x0800b394                __retarget_lock_acquire_recursive
 .text.__retarget_lock_release_recursive
                0x0800b398        0x4 e:/soft/gcc-arm-none-eabi-10.3-2021.10/bin/../lib/gcc/arm-none-eabi/10.3.1/../../../../arm-none-eabi/lib/thumb/v7e-m/nofp\libc.a(lib_a-lock.o)
                0x0800b398                __retarget_lock_release_recursive
 .text.memcmp   0x0800b39c       0x68 e:/soft/gcc-arm-none-eabi-10.3-2021.10/bin/../lib/gcc/arm-none-eabi/10.3.1/../../../../arm-none-eabi/lib/thumb/v7e-m/nofp\libc.a(lib_a-memcmp.o)
                0x0800b39c                memcmp
 .text.memmove  0x0800b404       0xf8 e:/soft/gcc-arm-none-eabi-10.3-2021.10/bin/../lib/gcc/arm-none-eabi/10.3.1/../../../../arm-none-eabi/lib/thumb/v7e-m/nofp\libc.a(lib_a-memmove.o)
                0x0800b404                memmove
 .text.memset   0x0800b4fc       0xa4 e:/soft/gcc-arm-none-eabi-10.3-2021.10/bin/../lib/gcc/arm-none-eabi/10.3.1/../../../../arm-none-eabi/lib/thumb/v7e-m/nofp\libc.a(lib_a-memset.o)
                0x0800b4fc                memset
 .text._putc_r  0x0800b5a0       0x74 e:/soft/gcc-arm-none-eabi-10.3-2021.10/bin/../lib/gcc/arm-none-eabi/10.3.1/../../../../arm-none-eabi/lib/thumb/v7e-m/nofp\libc.a(lib_a-putc.o)
                0x0800b5a0                _putc_r
 .text.vsprintf
                0x0800b614       0x38 e:/soft/gcc-arm-none-eabi-10.3-2021.10/bin/../lib/gcc/arm-none-eabi/10.3.1/../../../../arm-none-eabi/lib/thumb/v7e-m/nofp\libc.a(lib_a-vsprintf.o)
                0x0800b614                vsprintf
 .text.__swbuf_r
                0x0800b64c       0xb0 e:/soft/gcc-arm-none-eabi-10.3-2021.10/bin/../lib/gcc/arm-none-eabi/10.3.1/../../../../arm-none-eabi/lib/thumb/v7e-m/nofp\libc.a(lib_a-wbuf.o)
                0x0800b64c                __swbuf_r
 .text.__swsetup_r
                0x0800b6fc       0xd4 e:/soft/gcc-arm-none-eabi-10.3-2021.10/bin/../lib/gcc/arm-none-eabi/10.3.1/../../../../arm-none-eabi/lib/thumb/v7e-m/nofp\libc.a(lib_a-wsetup.o)
                0x0800b6fc                __swsetup_r
 .text.startup.register_fini
                0x0800b7d0       0x14 e:/soft/gcc-arm-none-eabi-10.3-2021.10/bin/../lib/gcc/arm-none-eabi/10.3.1/../../../../arm-none-eabi/lib/thumb/v7e-m/nofp\libc.a(lib_a-__call_atexit.o)
 .text.atexit   0x0800b7e4        0xc e:/soft/gcc-arm-none-eabi-10.3-2021.10/bin/../lib/gcc/arm-none-eabi/10.3.1/../../../../arm-none-eabi/lib/thumb/v7e-m/nofp\libc.a(lib_a-atexit.o)
                0x0800b7e4                atexit
 .text.quorem   0x0800b7f0      0x124 e:/soft/gcc-arm-none-eabi-10.3-2021.10/bin/../lib/gcc/arm-none-eabi/10.3.1/../../../../arm-none-eabi/lib/thumb/v7e-m/nofp\libc.a(lib_a-dtoa.o)
 *fill*         0x0800b914        0x4 
 .text._dtoa_r  0x0800b918      0xec4 e:/soft/gcc-arm-none-eabi-10.3-2021.10/bin/../lib/gcc/arm-none-eabi/10.3.1/../../../../arm-none-eabi/lib/thumb/v7e-m/nofp\libc.a(lib_a-dtoa.o)
                0x0800b918                _dtoa_r
 .text.__sflush_r
                0x0800c7dc      0x120 e:/soft/gcc-arm-none-eabi-10.3-2021.10/bin/../lib/gcc/arm-none-eabi/10.3.1/../../../../arm-none-eabi/lib/thumb/v7e-m/nofp\libc.a(lib_a-fflush.o)
                0x0800c7dc                __sflush_r
 .text._fflush_r
                0x0800c8fc       0x5c e:/soft/gcc-arm-none-eabi-10.3-2021.10/bin/../lib/gcc/arm-none-eabi/10.3.1/../../../../arm-none-eabi/lib/thumb/v7e-m/nofp\libc.a(lib_a-fflush.o)
                0x0800c8fc                _fflush_r
 .text._cleanup_r
                0x0800c958        0xc e:/soft/gcc-arm-none-eabi-10.3-2021.10/bin/../lib/gcc/arm-none-eabi/10.3.1/../../../../arm-none-eabi/lib/thumb/v7e-m/nofp\libc.a(lib_a-findfp.o)
                0x0800c958                _cleanup_r
 .text.__sinit  0x0800c964      0x10c e:/soft/gcc-arm-none-eabi-10.3-2021.10/bin/../lib/gcc/arm-none-eabi/10.3.1/../../../../arm-none-eabi/lib/thumb/v7e-m/nofp\libc.a(lib_a-findfp.o)
                0x0800c964                __sinit
 .text.__sfp_lock_acquire
                0x0800ca70        0xc e:/soft/gcc-arm-none-eabi-10.3-2021.10/bin/../lib/gcc/arm-none-eabi/10.3.1/../../../../arm-none-eabi/lib/thumb/v7e-m/nofp\libc.a(lib_a-findfp.o)
                0x0800ca70                __sfp_lock_acquire
 .text.__sfp_lock_release
                0x0800ca7c        0xc e:/soft/gcc-arm-none-eabi-10.3-2021.10/bin/../lib/gcc/arm-none-eabi/10.3.1/../../../../arm-none-eabi/lib/thumb/v7e-m/nofp\libc.a(lib_a-findfp.o)
                0x0800ca7c                __sfp_lock_release
 .text.__libc_fini_array
                0x0800ca88       0x2c e:/soft/gcc-arm-none-eabi-10.3-2021.10/bin/../lib/gcc/arm-none-eabi/10.3.1/../../../../arm-none-eabi/lib/thumb/v7e-m/nofp\libc.a(lib_a-fini.o)
                0x0800ca88                __libc_fini_array
 .text._malloc_trim_r
                0x0800cab4       0xa0 e:/soft/gcc-arm-none-eabi-10.3-2021.10/bin/../lib/gcc/arm-none-eabi/10.3.1/../../../../arm-none-eabi/lib/thumb/v7e-m/nofp\libc.a(lib_a-freer.o)
                0x0800cab4                _malloc_trim_r
 .text._free_r  0x0800cb54      0x20c e:/soft/gcc-arm-none-eabi-10.3-2021.10/bin/../lib/gcc/arm-none-eabi/10.3.1/../../../../arm-none-eabi/lib/thumb/v7e-m/nofp\libc.a(lib_a-freer.o)
                0x0800cb54                _free_r
 .text.__sfvwrite_r
                0x0800cd60      0x2e8 e:/soft/gcc-arm-none-eabi-10.3-2021.10/bin/../lib/gcc/arm-none-eabi/10.3.1/../../../../arm-none-eabi/lib/thumb/v7e-m/nofp\libc.a(lib_a-fvwrite.o)
                0x0800cd60                __sfvwrite_r
 .text._fwalk_reent
                0x0800d048       0x48 e:/soft/gcc-arm-none-eabi-10.3-2021.10/bin/../lib/gcc/arm-none-eabi/10.3.1/../../../../arm-none-eabi/lib/thumb/v7e-m/nofp\libc.a(lib_a-fwalk.o)
                0x0800d048                _fwalk_reent
 .text._localeconv_r
                0x0800d090        0x8 e:/soft/gcc-arm-none-eabi-10.3-2021.10/bin/../lib/gcc/arm-none-eabi/10.3.1/../../../../arm-none-eabi/lib/thumb/v7e-m/nofp\libc.a(lib_a-localeconv.o)
                0x0800d090                _localeconv_r
 .text.__smakebuf_r
                0x0800d098       0xe0 e:/soft/gcc-arm-none-eabi-10.3-2021.10/bin/../lib/gcc/arm-none-eabi/10.3.1/../../../../arm-none-eabi/lib/thumb/v7e-m/nofp\libc.a(lib_a-makebuf.o)
                0x0800d098                __smakebuf_r
 .text._malloc_r
                0x0800d178      0x560 e:/soft/gcc-arm-none-eabi-10.3-2021.10/bin/../lib/gcc/arm-none-eabi/10.3.1/../../../../arm-none-eabi/lib/thumb/v7e-m/nofp\libc.a(lib_a-mallocr.o)
                0x0800d178                _malloc_r
 .text.__malloc_lock
                0x0800d6d8        0xc e:/soft/gcc-arm-none-eabi-10.3-2021.10/bin/../lib/gcc/arm-none-eabi/10.3.1/../../../../arm-none-eabi/lib/thumb/v7e-m/nofp\libc.a(lib_a-mlock.o)
                0x0800d6d8                __malloc_lock
 .text.__malloc_unlock
                0x0800d6e4        0xc e:/soft/gcc-arm-none-eabi-10.3-2021.10/bin/../lib/gcc/arm-none-eabi/10.3.1/../../../../arm-none-eabi/lib/thumb/v7e-m/nofp\libc.a(lib_a-mlock.o)
                0x0800d6e4                __malloc_unlock
 .text._Balloc  0x0800d6f0       0x4c e:/soft/gcc-arm-none-eabi-10.3-2021.10/bin/../lib/gcc/arm-none-eabi/10.3.1/../../../../arm-none-eabi/lib/thumb/v7e-m/nofp\libc.a(lib_a-mprec.o)
                0x0800d6f0                _Balloc
 .text._Bfree   0x0800d73c       0x14 e:/soft/gcc-arm-none-eabi-10.3-2021.10/bin/../lib/gcc/arm-none-eabi/10.3.1/../../../../arm-none-eabi/lib/thumb/v7e-m/nofp\libc.a(lib_a-mprec.o)
                0x0800d73c                _Bfree
 .text.__multadd
                0x0800d750       0xa0 e:/soft/gcc-arm-none-eabi-10.3-2021.10/bin/../lib/gcc/arm-none-eabi/10.3.1/../../../../arm-none-eabi/lib/thumb/v7e-m/nofp\libc.a(lib_a-mprec.o)
                0x0800d750                __multadd
 .text.__hi0bits
                0x0800d7f0       0x40 e:/soft/gcc-arm-none-eabi-10.3-2021.10/bin/../lib/gcc/arm-none-eabi/10.3.1/../../../../arm-none-eabi/lib/thumb/v7e-m/nofp\libc.a(lib_a-mprec.o)
                0x0800d7f0                __hi0bits
 .text.__lo0bits
                0x0800d830       0x5c e:/soft/gcc-arm-none-eabi-10.3-2021.10/bin/../lib/gcc/arm-none-eabi/10.3.1/../../../../arm-none-eabi/lib/thumb/v7e-m/nofp\libc.a(lib_a-mprec.o)
                0x0800d830                __lo0bits
 .text.__i2b    0x0800d88c       0x5c e:/soft/gcc-arm-none-eabi-10.3-2021.10/bin/../lib/gcc/arm-none-eabi/10.3.1/../../../../arm-none-eabi/lib/thumb/v7e-m/nofp\libc.a(lib_a-mprec.o)
                0x0800d88c                __i2b
 .text.__multiply
                0x0800d8e8      0x15c e:/soft/gcc-arm-none-eabi-10.3-2021.10/bin/../lib/gcc/arm-none-eabi/10.3.1/../../../../arm-none-eabi/lib/thumb/v7e-m/nofp\libc.a(lib_a-mprec.o)
                0x0800d8e8                __multiply
 .text.__pow5mult
                0x0800da44       0xc0 e:/soft/gcc-arm-none-eabi-10.3-2021.10/bin/../lib/gcc/arm-none-eabi/10.3.1/../../../../arm-none-eabi/lib/thumb/v7e-m/nofp\libc.a(lib_a-mprec.o)
                0x0800da44                __pow5mult
 .text.__lshift
                0x0800db04       0xf0 e:/soft/gcc-arm-none-eabi-10.3-2021.10/bin/../lib/gcc/arm-none-eabi/10.3.1/../../../../arm-none-eabi/lib/thumb/v7e-m/nofp\libc.a(lib_a-mprec.o)
                0x0800db04                __lshift
 .text.__mcmp   0x0800dbf4       0x40 e:/soft/gcc-arm-none-eabi-10.3-2021.10/bin/../lib/gcc/arm-none-eabi/10.3.1/../../../../arm-none-eabi/lib/thumb/v7e-m/nofp\libc.a(lib_a-mprec.o)
                0x0800dbf4                __mcmp
 .text.__mdiff  0x0800dc34      0x14c e:/soft/gcc-arm-none-eabi-10.3-2021.10/bin/../lib/gcc/arm-none-eabi/10.3.1/../../../../arm-none-eabi/lib/thumb/v7e-m/nofp\libc.a(lib_a-mprec.o)
                0x0800dc34                __mdiff
 .text.__d2b    0x0800dd80       0xc4 e:/soft/gcc-arm-none-eabi-10.3-2021.10/bin/../lib/gcc/arm-none-eabi/10.3.1/../../../../arm-none-eabi/lib/thumb/v7e-m/nofp\libc.a(lib_a-mprec.o)
                0x0800dd80                __d2b
 .text._realloc_r
                0x0800de44      0x3d8 e:/soft/gcc-arm-none-eabi-10.3-2021.10/bin/../lib/gcc/arm-none-eabi/10.3.1/../../../../arm-none-eabi/lib/thumb/v7e-m/nofp\libc.a(lib_a-reallocr.o)
                0x0800de44                _realloc_r
 .text.frexp    0x0800e21c       0x70 e:/soft/gcc-arm-none-eabi-10.3-2021.10/bin/../lib/gcc/arm-none-eabi/10.3.1/../../../../arm-none-eabi/lib/thumb/v7e-m/nofp\libc.a(lib_a-s_frexp.o)
                0x0800e21c                frexp
 .text._sbrk_r  0x0800e28c       0x24 e:/soft/gcc-arm-none-eabi-10.3-2021.10/bin/../lib/gcc/arm-none-eabi/10.3.1/../../../../arm-none-eabi/lib/thumb/v7e-m/nofp\libc.a(lib_a-sbrkr.o)
                0x0800e28c                _sbrk_r
 .text.__sread  0x0800e2b0       0x24 e:/soft/gcc-arm-none-eabi-10.3-2021.10/bin/../lib/gcc/arm-none-eabi/10.3.1/../../../../arm-none-eabi/lib/thumb/v7e-m/nofp\libc.a(lib_a-stdio.o)
                0x0800e2b0                __sread
 .text.__swrite
                0x0800e2d4       0x40 e:/soft/gcc-arm-none-eabi-10.3-2021.10/bin/../lib/gcc/arm-none-eabi/10.3.1/../../../../arm-none-eabi/lib/thumb/v7e-m/nofp\libc.a(lib_a-stdio.o)
                0x0800e2d4                __swrite
 .text.__sseek  0x0800e314       0x20 e:/soft/gcc-arm-none-eabi-10.3-2021.10/bin/../lib/gcc/arm-none-eabi/10.3.1/../../../../arm-none-eabi/lib/thumb/v7e-m/nofp\libc.a(lib_a-stdio.o)
                0x0800e314                __sseek
 .text.__sclose
                0x0800e334        0x8 e:/soft/gcc-arm-none-eabi-10.3-2021.10/bin/../lib/gcc/arm-none-eabi/10.3.1/../../../../arm-none-eabi/lib/thumb/v7e-m/nofp\libc.a(lib_a-stdio.o)
                0x0800e334                __sclose